<?xml version="1.0" encoding="ISO-8859-1" ?>
<link_info>
   <banner>MSP430 Linker PC v18.12.1.LTS</banner>
   <copyright>Copyright (c) 2003-2018 Texas Instruments Incorporated</copyright>
   <link_time>0x5d0dc854</link_time>
   <link_errors>0x0</link_errors>
   <output_file>bch-aes-msp430f5529.out</output_file>
   <entry_point>
      <name>_c_int00_noargs</name>
      <address>0x44a0</address>
   </entry_point>
   <input_file_list>
      <input_file id="fl-2">
         <path>.\</path>
         <kind>object</kind>
         <file>main.obj</file>
         <name>main.obj</name>
      </input_file>
      <input_file id="fl-3">
         <path>.\src\</path>
         <kind>object</kind>
         <file>TI_aes_128.obj</file>
         <name>TI_aes_128.obj</name>
      </input_file>
      <input_file id="fl-4">
         <path>.\src\</path>
         <kind>object</kind>
         <file>aes_256.obj</file>
         <name>aes_256.obj</name>
      </input_file>
      <input_file id="fl-5">
         <path>.\src\</path>
         <kind>object</kind>
         <file>bch_31_16_3.obj</file>
         <name>bch_31_16_3.obj</name>
      </input_file>
      <input_file id="fl-6">
         <path>.\src\</path>
         <kind>object</kind>
         <file>bch_31_21_2.obj</file>
         <name>bch_31_21_2.obj</name>
      </input_file>
      <input_file id="fl-7">
         <path>.\src\</path>
         <kind>object</kind>
         <file>cipher.obj</file>
         <name>cipher.obj</name>
      </input_file>
      <input_file id="fl-8">
         <path>.\src\</path>
         <kind>object</kind>
         <file>memory_local.obj</file>
         <name>memory_local.obj</name>
      </input_file>
      <input_file id="fl-9">
         <path>.\src\</path>
         <kind>object</kind>
         <file>uart_msp430f5529.obj</file>
         <name>uart_msp430f5529.obj</name>
      </input_file>
      <input_file id="fl-f">
         <kind>object</kind>
         <file>&lt;internal&gt;</file>
         <name>&lt;internal&gt;</name>
      </input_file>
      <input_file id="fl-2a">
         <path>C:\ti\ccs900\ccs\tools\compiler\ti-cgt-msp430_18.12.1.LTS\lib\</path>
         <kind>archive</kind>
         <file>rts430x_lc_rd_eabi.lib</file>
         <name>printf.c.obj</name>
      </input_file>
      <input_file id="fl-2b">
         <path>C:\ti\ccs900\ccs\tools\compiler\ti-cgt-msp430_18.12.1.LTS\lib\</path>
         <kind>archive</kind>
         <file>rts430x_lc_rd_eabi.lib</file>
         <name>_printfi_min.c.obj</name>
      </input_file>
      <input_file id="fl-2c">
         <path>C:\ti\ccs900\ccs\tools\compiler\ti-cgt-msp430_18.12.1.LTS\lib\</path>
         <kind>archive</kind>
         <file>rts430x_lc_rd_eabi.lib</file>
         <name>fputc.c.obj</name>
      </input_file>
      <input_file id="fl-2d">
         <path>C:\ti\ccs900\ccs\tools\compiler\ti-cgt-msp430_18.12.1.LTS\lib\</path>
         <kind>archive</kind>
         <file>rts430x_lc_rd_eabi.lib</file>
         <name>fputs.c.obj</name>
      </input_file>
      <input_file id="fl-2e">
         <path>C:\ti\ccs900\ccs\tools\compiler\ti-cgt-msp430_18.12.1.LTS\lib\</path>
         <kind>archive</kind>
         <file>rts430x_lc_rd_eabi.lib</file>
         <name>_io_perm.c.obj</name>
      </input_file>
      <input_file id="fl-2f">
         <path>C:\ti\ccs900\ccs\tools\compiler\ti-cgt-msp430_18.12.1.LTS\lib\</path>
         <kind>archive</kind>
         <file>rts430x_lc_rd_eabi.lib</file>
         <name>setvbuf.c.obj</name>
      </input_file>
      <input_file id="fl-30">
         <path>C:\ti\ccs900\ccs\tools\compiler\ti-cgt-msp430_18.12.1.LTS\lib\</path>
         <kind>archive</kind>
         <file>rts430x_lc_rd_eabi.lib</file>
         <name>e_pow.c.obj</name>
      </input_file>
      <input_file id="fl-31">
         <path>C:\ti\ccs900\ccs\tools\compiler\ti-cgt-msp430_18.12.1.LTS\lib\</path>
         <kind>archive</kind>
         <file>rts430x_lc_rd_eabi.lib</file>
         <name>e_sqrt.c.obj</name>
      </input_file>
      <input_file id="fl-32">
         <path>C:\ti\ccs900\ccs\tools\compiler\ti-cgt-msp430_18.12.1.LTS\lib\</path>
         <kind>archive</kind>
         <file>rts430x_lc_rd_eabi.lib</file>
         <name>s_scalbn.c.obj</name>
      </input_file>
      <input_file id="fl-33">
         <path>C:\ti\ccs900\ccs\tools\compiler\ti-cgt-msp430_18.12.1.LTS\lib\</path>
         <kind>archive</kind>
         <file>rts430x_lc_rd_eabi.lib</file>
         <name>s_copysign.c.obj</name>
      </input_file>
      <input_file id="fl-34">
         <path>C:\ti\ccs900\ccs\tools\compiler\ti-cgt-msp430_18.12.1.LTS\lib\</path>
         <kind>archive</kind>
         <file>rts430x_lc_rd_eabi.lib</file>
         <name>asr32.asm.obj</name>
      </input_file>
      <input_file id="fl-35">
         <path>C:\ti\ccs900\ccs\tools\compiler\ti-cgt-msp430_18.12.1.LTS\lib\</path>
         <kind>archive</kind>
         <file>rts430x_lc_rd_eabi.lib</file>
         <name>div16s.asm.obj</name>
      </input_file>
      <input_file id="fl-36">
         <path>C:\ti\ccs900\ccs\tools\compiler\ti-cgt-msp430_18.12.1.LTS\lib\</path>
         <kind>archive</kind>
         <file>rts430x_lc_rd_eabi.lib</file>
         <name>div16u.asm.obj</name>
      </input_file>
      <input_file id="fl-37">
         <path>C:\ti\ccs900\ccs\tools\compiler\ti-cgt-msp430_18.12.1.LTS\lib\</path>
         <kind>archive</kind>
         <file>rts430x_lc_rd_eabi.lib</file>
         <name>fs_itof.asm.obj</name>
      </input_file>
      <input_file id="fl-38">
         <path>C:\ti\ccs900\ccs\tools\compiler\ti-cgt-msp430_18.12.1.LTS\lib\</path>
         <kind>archive</kind>
         <file>rts430x_lc_rd_eabi.lib</file>
         <name>int41.asm.obj</name>
      </input_file>
      <input_file id="fl-39">
         <path>C:\ti\ccs900\ccs\tools\compiler\ti-cgt-msp430_18.12.1.LTS\lib\</path>
         <kind>archive</kind>
         <file>rts430x_lc_rd_eabi.lib</file>
         <name>int42.asm.obj</name>
      </input_file>
      <input_file id="fl-3a">
         <path>C:\ti\ccs900\ccs\tools\compiler\ti-cgt-msp430_18.12.1.LTS\lib\</path>
         <kind>archive</kind>
         <file>rts430x_lc_rd_eabi.lib</file>
         <name>int43.asm.obj</name>
      </input_file>
      <input_file id="fl-3b">
         <path>C:\ti\ccs900\ccs\tools\compiler\ti-cgt-msp430_18.12.1.LTS\lib\</path>
         <kind>archive</kind>
         <file>rts430x_lc_rd_eabi.lib</file>
         <name>int44.asm.obj</name>
      </input_file>
      <input_file id="fl-3c">
         <path>C:\ti\ccs900\ccs\tools\compiler\ti-cgt-msp430_18.12.1.LTS\lib\</path>
         <kind>archive</kind>
         <file>rts430x_lc_rd_eabi.lib</file>
         <name>int45.asm.obj</name>
      </input_file>
      <input_file id="fl-3d">
         <path>C:\ti\ccs900\ccs\tools\compiler\ti-cgt-msp430_18.12.1.LTS\lib\</path>
         <kind>archive</kind>
         <file>rts430x_lc_rd_eabi.lib</file>
         <name>int47.asm.obj</name>
      </input_file>
      <input_file id="fl-3e">
         <path>C:\ti\ccs900\ccs\tools\compiler\ti-cgt-msp430_18.12.1.LTS\lib\</path>
         <kind>archive</kind>
         <file>rts430x_lc_rd_eabi.lib</file>
         <name>int48.asm.obj</name>
      </input_file>
      <input_file id="fl-3f">
         <path>C:\ti\ccs900\ccs\tools\compiler\ti-cgt-msp430_18.12.1.LTS\lib\</path>
         <kind>archive</kind>
         <file>rts430x_lc_rd_eabi.lib</file>
         <name>int49.asm.obj</name>
      </input_file>
      <input_file id="fl-40">
         <path>C:\ti\ccs900\ccs\tools\compiler\ti-cgt-msp430_18.12.1.LTS\lib\</path>
         <kind>archive</kind>
         <file>rts430x_lc_rd_eabi.lib</file>
         <name>int50.asm.obj</name>
      </input_file>
      <input_file id="fl-41">
         <path>C:\ti\ccs900\ccs\tools\compiler\ti-cgt-msp430_18.12.1.LTS\lib\</path>
         <kind>archive</kind>
         <file>rts430x_lc_rd_eabi.lib</file>
         <name>int51.asm.obj</name>
      </input_file>
      <input_file id="fl-42">
         <path>C:\ti\ccs900\ccs\tools\compiler\ti-cgt-msp430_18.12.1.LTS\lib\</path>
         <kind>archive</kind>
         <file>rts430x_lc_rd_eabi.lib</file>
         <name>int52.asm.obj</name>
      </input_file>
      <input_file id="fl-43">
         <path>C:\ti\ccs900\ccs\tools\compiler\ti-cgt-msp430_18.12.1.LTS\lib\</path>
         <kind>archive</kind>
         <file>rts430x_lc_rd_eabi.lib</file>
         <name>int53.asm.obj</name>
      </input_file>
      <input_file id="fl-44">
         <path>C:\ti\ccs900\ccs\tools\compiler\ti-cgt-msp430_18.12.1.LTS\lib\</path>
         <kind>archive</kind>
         <file>rts430x_lc_rd_eabi.lib</file>
         <name>int54.asm.obj</name>
      </input_file>
      <input_file id="fl-45">
         <path>C:\ti\ccs900\ccs\tools\compiler\ti-cgt-msp430_18.12.1.LTS\lib\</path>
         <kind>archive</kind>
         <file>rts430x_lc_rd_eabi.lib</file>
         <name>int55.asm.obj</name>
      </input_file>
      <input_file id="fl-46">
         <path>C:\ti\ccs900\ccs\tools\compiler\ti-cgt-msp430_18.12.1.LTS\lib\</path>
         <kind>archive</kind>
         <file>rts430x_lc_rd_eabi.lib</file>
         <name>int56.asm.obj</name>
      </input_file>
      <input_file id="fl-47">
         <path>C:\ti\ccs900\ccs\tools\compiler\ti-cgt-msp430_18.12.1.LTS\lib\</path>
         <kind>archive</kind>
         <file>rts430x_lc_rd_eabi.lib</file>
         <name>int57.asm.obj</name>
      </input_file>
      <input_file id="fl-48">
         <path>C:\ti\ccs900\ccs\tools\compiler\ti-cgt-msp430_18.12.1.LTS\lib\</path>
         <kind>archive</kind>
         <file>rts430x_lc_rd_eabi.lib</file>
         <name>int58.asm.obj</name>
      </input_file>
      <input_file id="fl-49">
         <path>C:\ti\ccs900\ccs\tools\compiler\ti-cgt-msp430_18.12.1.LTS\lib\</path>
         <kind>archive</kind>
         <file>rts430x_lc_rd_eabi.lib</file>
         <name>int59.asm.obj</name>
      </input_file>
      <input_file id="fl-4a">
         <path>C:\ti\ccs900\ccs\tools\compiler\ti-cgt-msp430_18.12.1.LTS\lib\</path>
         <kind>archive</kind>
         <file>rts430x_lc_rd_eabi.lib</file>
         <name>int60.asm.obj</name>
      </input_file>
      <input_file id="fl-4b">
         <path>C:\ti\ccs900\ccs\tools\compiler\ti-cgt-msp430_18.12.1.LTS\lib\</path>
         <kind>archive</kind>
         <file>rts430x_lc_rd_eabi.lib</file>
         <name>int61.asm.obj</name>
      </input_file>
      <input_file id="fl-4c">
         <path>C:\ti\ccs900\ccs\tools\compiler\ti-cgt-msp430_18.12.1.LTS\lib\</path>
         <kind>archive</kind>
         <file>rts430x_lc_rd_eabi.lib</file>
         <name>int62.asm.obj</name>
      </input_file>
      <input_file id="fl-4d">
         <path>C:\ti\ccs900\ccs\tools\compiler\ti-cgt-msp430_18.12.1.LTS\lib\</path>
         <kind>archive</kind>
         <file>rts430x_lc_rd_eabi.lib</file>
         <name>isr_trap.asm.obj</name>
      </input_file>
      <input_file id="fl-4e">
         <path>C:\ti\ccs900\ccs\tools\compiler\ti-cgt-msp430_18.12.1.LTS\lib\</path>
         <kind>archive</kind>
         <file>rts430x_lc_rd_eabi.lib</file>
         <name>lsl32.asm.obj</name>
      </input_file>
      <input_file id="fl-4f">
         <path>C:\ti\ccs900\ccs\tools\compiler\ti-cgt-msp430_18.12.1.LTS\lib\</path>
         <kind>archive</kind>
         <file>rts430x_lc_rd_eabi.lib</file>
         <name>lsr32.asm.obj</name>
      </input_file>
      <input_file id="fl-50">
         <path>C:\ti\ccs900\ccs\tools\compiler\ti-cgt-msp430_18.12.1.LTS\lib\</path>
         <kind>archive</kind>
         <file>rts430x_lc_rd_eabi.lib</file>
         <name>mult16.asm.obj</name>
      </input_file>
      <input_file id="fl-51">
         <path>C:\ti\ccs900\ccs\tools\compiler\ti-cgt-msp430_18.12.1.LTS\lib\</path>
         <kind>archive</kind>
         <file>rts430x_lc_rd_eabi.lib</file>
         <name>mult16_f5hw.asm.obj</name>
      </input_file>
      <input_file id="fl-52">
         <path>C:\ti\ccs900\ccs\tools\compiler\ti-cgt-msp430_18.12.1.LTS\lib\</path>
         <kind>archive</kind>
         <file>rts430x_lc_rd_eabi.lib</file>
         <name>mult1632_f5hw.asm.obj</name>
      </input_file>
      <input_file id="fl-53">
         <path>C:\ti\ccs900\ccs\tools\compiler\ti-cgt-msp430_18.12.1.LTS\lib\</path>
         <kind>archive</kind>
         <file>rts430x_lc_rd_eabi.lib</file>
         <name>mult32_f5hw.asm.obj</name>
      </input_file>
      <input_file id="fl-54">
         <path>C:\ti\ccs900\ccs\tools\compiler\ti-cgt-msp430_18.12.1.LTS\lib\</path>
         <kind>archive</kind>
         <file>rts430x_lc_rd_eabi.lib</file>
         <name>mult3264_f5hw.asm.obj</name>
      </input_file>
      <input_file id="fl-55">
         <path>C:\ti\ccs900\ccs\tools\compiler\ti-cgt-msp430_18.12.1.LTS\lib\</path>
         <kind>archive</kind>
         <file>rts430x_lc_rd_eabi.lib</file>
         <name>mult64_f5hw.asm.obj</name>
      </input_file>
      <input_file id="fl-56">
         <path>C:\ti\ccs900\ccs\tools\compiler\ti-cgt-msp430_18.12.1.LTS\lib\</path>
         <kind>archive</kind>
         <file>rts430x_lc_rd_eabi.lib</file>
         <name>boot.c.obj</name>
      </input_file>
      <input_file id="fl-57">
         <path>C:\ti\ccs900\ccs\tools\compiler\ti-cgt-msp430_18.12.1.LTS\lib\</path>
         <kind>archive</kind>
         <file>rts430x_lc_rd_eabi.lib</file>
         <name>autoinit.c.obj</name>
      </input_file>
      <input_file id="fl-58">
         <path>C:\ti\ccs900\ccs\tools\compiler\ti-cgt-msp430_18.12.1.LTS\lib\</path>
         <kind>archive</kind>
         <file>rts430x_lc_rd_eabi.lib</file>
         <name>copy_zero_init.c.obj</name>
      </input_file>
      <input_file id="fl-59">
         <path>C:\ti\ccs900\ccs\tools\compiler\ti-cgt-msp430_18.12.1.LTS\lib\</path>
         <kind>archive</kind>
         <file>rts430x_lc_rd_eabi.lib</file>
         <name>exit_gvars.c.obj</name>
      </input_file>
      <input_file id="fl-5a">
         <path>C:\ti\ccs900\ccs\tools\compiler\ti-cgt-msp430_18.12.1.LTS\lib\</path>
         <kind>archive</kind>
         <file>rts430x_lc_rd_eabi.lib</file>
         <name>cpy_tbl.c.obj</name>
      </input_file>
      <input_file id="fl-5b">
         <path>C:\ti\ccs900\ccs\tools\compiler\ti-cgt-msp430_18.12.1.LTS\lib\</path>
         <kind>archive</kind>
         <file>rts430x_lc_rd_eabi.lib</file>
         <name>mpu_init.c.obj</name>
      </input_file>
      <input_file id="fl-5c">
         <path>C:\ti\ccs900\ccs\tools\compiler\ti-cgt-msp430_18.12.1.LTS\lib\</path>
         <kind>archive</kind>
         <file>rts430x_lc_rd_eabi.lib</file>
         <name>lsr64.c.obj</name>
      </input_file>
      <input_file id="fl-5d">
         <path>C:\ti\ccs900\ccs\tools\compiler\ti-cgt-msp430_18.12.1.LTS\lib\</path>
         <kind>archive</kind>
         <file>rts430x_lc_rd_eabi.lib</file>
         <name>pre_init.c.obj</name>
      </input_file>
      <input_file id="fl-5e">
         <path>C:\ti\ccs900\ccs\tools\compiler\ti-cgt-msp430_18.12.1.LTS\lib\</path>
         <kind>archive</kind>
         <file>rts430x_lc_rd_eabi.lib</file>
         <name>startup.c.obj</name>
      </input_file>
      <input_file id="fl-5f">
         <path>C:\ti\ccs900\ccs\tools\compiler\ti-cgt-msp430_18.12.1.LTS\lib\</path>
         <kind>archive</kind>
         <file>rts430x_lc_rd_eabi.lib</file>
         <name>copy_decompress_none.c.obj</name>
      </input_file>
      <input_file id="fl-60">
         <path>C:\ti\ccs900\ccs\tools\compiler\ti-cgt-msp430_18.12.1.LTS\lib\</path>
         <kind>archive</kind>
         <file>rts430x_lc_rd_eabi.lib</file>
         <name>copy_decompress_lzss.c.obj</name>
      </input_file>
      <input_file id="fl-61">
         <path>C:\ti\ccs900\ccs\tools\compiler\ti-cgt-msp430_18.12.1.LTS\lib\</path>
         <kind>archive</kind>
         <file>rts430x_lc_rd_eabi.lib</file>
         <name>addd.c.obj</name>
      </input_file>
      <input_file id="fl-62">
         <path>C:\ti\ccs900\ccs\tools\compiler\ti-cgt-msp430_18.12.1.LTS\lib\</path>
         <kind>archive</kind>
         <file>rts430x_lc_rd_eabi.lib</file>
         <name>cmpd.c.obj</name>
      </input_file>
      <input_file id="fl-63">
         <path>C:\ti\ccs900\ccs\tools\compiler\ti-cgt-msp430_18.12.1.LTS\lib\</path>
         <kind>archive</kind>
         <file>rts430x_lc_rd_eabi.lib</file>
         <name>cvtfd.c.obj</name>
      </input_file>
      <input_file id="fl-64">
         <path>C:\ti\ccs900\ccs\tools\compiler\ti-cgt-msp430_18.12.1.LTS\lib\</path>
         <kind>archive</kind>
         <file>rts430x_lc_rd_eabi.lib</file>
         <name>divd.c.obj</name>
      </input_file>
      <input_file id="fl-65">
         <path>C:\ti\ccs900\ccs\tools\compiler\ti-cgt-msp430_18.12.1.LTS\lib\</path>
         <kind>archive</kind>
         <file>rts430x_lc_rd_eabi.lib</file>
         <name>fixdi.c.obj</name>
      </input_file>
      <input_file id="fl-66">
         <path>C:\ti\ccs900\ccs\tools\compiler\ti-cgt-msp430_18.12.1.LTS\lib\</path>
         <kind>archive</kind>
         <file>rts430x_lc_rd_eabi.lib</file>
         <name>fixdli.c.obj</name>
      </input_file>
      <input_file id="fl-67">
         <path>C:\ti\ccs900\ccs\tools\compiler\ti-cgt-msp430_18.12.1.LTS\lib\</path>
         <kind>archive</kind>
         <file>rts430x_lc_rd_eabi.lib</file>
         <name>fixdul.c.obj</name>
      </input_file>
      <input_file id="fl-68">
         <path>C:\ti\ccs900\ccs\tools\compiler\ti-cgt-msp430_18.12.1.LTS\lib\</path>
         <kind>archive</kind>
         <file>rts430x_lc_rd_eabi.lib</file>
         <name>fltlid.c.obj</name>
      </input_file>
      <input_file id="fl-69">
         <path>C:\ti\ccs900\ccs\tools\compiler\ti-cgt-msp430_18.12.1.LTS\lib\</path>
         <kind>archive</kind>
         <file>rts430x_lc_rd_eabi.lib</file>
         <name>fltud.c.obj</name>
      </input_file>
      <input_file id="fl-6a">
         <path>C:\ti\ccs900\ccs\tools\compiler\ti-cgt-msp430_18.12.1.LTS\lib\</path>
         <kind>archive</kind>
         <file>rts430x_lc_rd_eabi.lib</file>
         <name>fltuld.c.obj</name>
      </input_file>
      <input_file id="fl-6b">
         <path>C:\ti\ccs900\ccs\tools\compiler\ti-cgt-msp430_18.12.1.LTS\lib\</path>
         <kind>archive</kind>
         <file>rts430x_lc_rd_eabi.lib</file>
         <name>frcaddd.c.obj</name>
      </input_file>
      <input_file id="fl-6c">
         <path>C:\ti\ccs900\ccs\tools\compiler\ti-cgt-msp430_18.12.1.LTS\lib\</path>
         <kind>archive</kind>
         <file>rts430x_lc_rd_eabi.lib</file>
         <name>frcdivd.c.obj</name>
      </input_file>
      <input_file id="fl-6d">
         <path>C:\ti\ccs900\ccs\tools\compiler\ti-cgt-msp430_18.12.1.LTS\lib\</path>
         <kind>archive</kind>
         <file>rts430x_lc_rd_eabi.lib</file>
         <name>mpyd.c.obj</name>
      </input_file>
      <input_file id="fl-6e">
         <path>C:\ti\ccs900\ccs\tools\compiler\ti-cgt-msp430_18.12.1.LTS\lib\</path>
         <kind>archive</kind>
         <file>rts430x_lc_rd_eabi.lib</file>
         <name>negd.c.obj</name>
      </input_file>
      <input_file id="fl-6f">
         <path>C:\ti\ccs900\ccs\tools\compiler\ti-cgt-msp430_18.12.1.LTS\lib\</path>
         <kind>archive</kind>
         <file>rts430x_lc_rd_eabi.lib</file>
         <name>renormd.c.obj</name>
      </input_file>
      <input_file id="fl-70">
         <path>C:\ti\ccs900\ccs\tools\compiler\ti-cgt-msp430_18.12.1.LTS\lib\</path>
         <kind>archive</kind>
         <file>rts430x_lc_rd_eabi.lib</file>
         <name>subd.c.obj</name>
      </input_file>
      <input_file id="fl-71">
         <path>C:\ti\ccs900\ccs\tools\compiler\ti-cgt-msp430_18.12.1.LTS\lib\</path>
         <kind>archive</kind>
         <file>rts430x_lc_rd_eabi.lib</file>
         <name>exit.c.obj</name>
      </input_file>
      <input_file id="fl-72">
         <path>C:\ti\ccs900\ccs\tools\compiler\ti-cgt-msp430_18.12.1.LTS\lib\</path>
         <kind>archive</kind>
         <file>rts430x_lc_rd_eabi.lib</file>
         <name>_lock.c.obj</name>
      </input_file>
      <input_file id="fl-73">
         <path>C:\ti\ccs900\ccs\tools\compiler\ti-cgt-msp430_18.12.1.LTS\lib\</path>
         <kind>archive</kind>
         <file>rts430x_lc_rd_eabi.lib</file>
         <name>args_main.c.obj</name>
      </input_file>
      <input_file id="fl-74">
         <path>C:\ti\ccs900\ccs\tools\compiler\ti-cgt-msp430_18.12.1.LTS\lib\</path>
         <kind>archive</kind>
         <file>rts430x_lc_rd_eabi.lib</file>
         <name>defs.c.obj</name>
      </input_file>
      <input_file id="fl-75">
         <path>C:\ti\ccs900\ccs\tools\compiler\ti-cgt-msp430_18.12.1.LTS\lib\</path>
         <kind>archive</kind>
         <file>rts430x_lc_rd_eabi.lib</file>
         <name>memccpy.c.obj</name>
      </input_file>
      <input_file id="fl-76">
         <path>C:\ti\ccs900\ccs\tools\compiler\ti-cgt-msp430_18.12.1.LTS\lib\</path>
         <kind>archive</kind>
         <file>rts430x_lc_rd_eabi.lib</file>
         <name>memchr.c.obj</name>
      </input_file>
      <input_file id="fl-77">
         <path>C:\ti\ccs900\ccs\tools\compiler\ti-cgt-msp430_18.12.1.LTS\lib\</path>
         <kind>archive</kind>
         <file>rts430x_lc_rd_eabi.lib</file>
         <name>memcpy.c.obj</name>
      </input_file>
      <input_file id="fl-78">
         <path>C:\ti\ccs900\ccs\tools\compiler\ti-cgt-msp430_18.12.1.LTS\lib\</path>
         <kind>archive</kind>
         <file>rts430x_lc_rd_eabi.lib</file>
         <name>memory.c.obj</name>
      </input_file>
      <input_file id="fl-79">
         <path>C:\ti\ccs900\ccs\tools\compiler\ti-cgt-msp430_18.12.1.LTS\lib\</path>
         <kind>archive</kind>
         <file>rts430x_lc_rd_eabi.lib</file>
         <name>memset.c.obj</name>
      </input_file>
      <input_file id="fl-7a">
         <path>C:\ti\ccs900\ccs\tools\compiler\ti-cgt-msp430_18.12.1.LTS\lib\</path>
         <kind>archive</kind>
         <file>rts430x_lc_rd_eabi.lib</file>
         <name>strlen.c.obj</name>
      </input_file>
      <input_file id="fl-7b">
         <path>C:\ti\ccs900\ccs\tools\compiler\ti-cgt-msp430_18.12.1.LTS\lib\</path>
         <kind>archive</kind>
         <file>rts430x_lc_rd_eabi.lib</file>
         <name>errno.c.obj</name>
      </input_file>
      <input_file id="fl-7c">
         <path>C:\ti\ccs900\ccs\tools\compiler\ti-cgt-msp430_18.12.1.LTS\lib\</path>
         <kind>archive</kind>
         <file>rts430x_lc_rd_eabi.lib</file>
         <name>write.c.obj</name>
      </input_file>
      <input_file id="fl-7d">
         <path>C:\ti\ccs900\ccs\tools\compiler\ti-cgt-msp430_18.12.1.LTS\lib\</path>
         <kind>archive</kind>
         <file>rts430x_lc_rd_eabi.lib</file>
         <name>host_device.c.obj</name>
      </input_file>
      <input_file id="fl-7e">
         <path>C:\ti\ccs900\ccs\tools\compiler\ti-cgt-msp430_18.12.1.LTS\lib\</path>
         <kind>archive</kind>
         <file>rts430x_lc_rd_eabi.lib</file>
         <name>fflush.c.obj</name>
      </input_file>
      <input_file id="fl-7f">
         <path>C:\ti\ccs900\ccs\tools\compiler\ti-cgt-msp430_18.12.1.LTS\lib\</path>
         <kind>archive</kind>
         <file>rts430x_lc_rd_eabi.lib</file>
         <name>fopen.c.obj</name>
      </input_file>
      <input_file id="fl-80">
         <path>C:\ti\ccs900\ccs\tools\compiler\ti-cgt-msp430_18.12.1.LTS\lib\</path>
         <kind>archive</kind>
         <file>rts430x_lc_rd_eabi.lib</file>
         <name>fseek.c.obj</name>
      </input_file>
      <input_file id="fl-81">
         <path>C:\ti\ccs900\ccs\tools\compiler\ti-cgt-msp430_18.12.1.LTS\lib\</path>
         <kind>archive</kind>
         <file>rts430x_lc_rd_eabi.lib</file>
         <name>mult32.asm.obj</name>
      </input_file>
      <input_file id="fl-82">
         <path>C:\ti\ccs900\ccs\tools\compiler\ti-cgt-msp430_18.12.1.LTS\lib\</path>
         <kind>archive</kind>
         <file>rts430x_lc_rd_eabi.lib</file>
         <name>frcmpyd.c.obj</name>
      </input_file>
      <input_file id="fl-83">
         <path>C:\ti\ccs900\ccs\tools\compiler\ti-cgt-msp430_18.12.1.LTS\lib\</path>
         <kind>archive</kind>
         <file>rts430x_lc_rd_eabi.lib</file>
         <name>hostclose.c.obj</name>
      </input_file>
      <input_file id="fl-84">
         <path>C:\ti\ccs900\ccs\tools\compiler\ti-cgt-msp430_18.12.1.LTS\lib\</path>
         <kind>archive</kind>
         <file>rts430x_lc_rd_eabi.lib</file>
         <name>hostlseek.c.obj</name>
      </input_file>
      <input_file id="fl-85">
         <path>C:\ti\ccs900\ccs\tools\compiler\ti-cgt-msp430_18.12.1.LTS\lib\</path>
         <kind>archive</kind>
         <file>rts430x_lc_rd_eabi.lib</file>
         <name>hostopen.c.obj</name>
      </input_file>
      <input_file id="fl-86">
         <path>C:\ti\ccs900\ccs\tools\compiler\ti-cgt-msp430_18.12.1.LTS\lib\</path>
         <kind>archive</kind>
         <file>rts430x_lc_rd_eabi.lib</file>
         <name>hostread.c.obj</name>
      </input_file>
      <input_file id="fl-87">
         <path>C:\ti\ccs900\ccs\tools\compiler\ti-cgt-msp430_18.12.1.LTS\lib\</path>
         <kind>archive</kind>
         <file>rts430x_lc_rd_eabi.lib</file>
         <name>hostrename.c.obj</name>
      </input_file>
      <input_file id="fl-88">
         <path>C:\ti\ccs900\ccs\tools\compiler\ti-cgt-msp430_18.12.1.LTS\lib\</path>
         <kind>archive</kind>
         <file>rts430x_lc_rd_eabi.lib</file>
         <name>hostunlink.c.obj</name>
      </input_file>
      <input_file id="fl-89">
         <path>C:\ti\ccs900\ccs\tools\compiler\ti-cgt-msp430_18.12.1.LTS\lib\</path>
         <kind>archive</kind>
         <file>rts430x_lc_rd_eabi.lib</file>
         <name>hostwrite.c.obj</name>
      </input_file>
      <input_file id="fl-8a">
         <path>C:\ti\ccs900\ccs\tools\compiler\ti-cgt-msp430_18.12.1.LTS\lib\</path>
         <kind>archive</kind>
         <file>rts430x_lc_rd_eabi.lib</file>
         <name>trgmsg.c.obj</name>
      </input_file>
      <input_file id="fl-8b">
         <path>C:\ti\ccs900\ccs\tools\compiler\ti-cgt-msp430_18.12.1.LTS\lib\</path>
         <kind>archive</kind>
         <file>rts430x_lc_rd_eabi.lib</file>
         <name>open.c.obj</name>
      </input_file>
      <input_file id="fl-8c">
         <path>C:\ti\ccs900\ccs\tools\compiler\ti-cgt-msp430_18.12.1.LTS\lib\</path>
         <kind>archive</kind>
         <file>rts430x_lc_rd_eabi.lib</file>
         <name>lseek.c.obj</name>
      </input_file>
      <input_file id="fl-8d">
         <path>C:\ti\ccs900\ccs\tools\compiler\ti-cgt-msp430_18.12.1.LTS\lib\</path>
         <kind>archive</kind>
         <file>rts430x_lc_rd_eabi.lib</file>
         <name>fclose.c.obj</name>
      </input_file>
      <input_file id="fl-8e">
         <path>C:\ti\ccs900\ccs\tools\compiler\ti-cgt-msp430_18.12.1.LTS\lib\</path>
         <kind>archive</kind>
         <file>rts430x_lc_rd_eabi.lib</file>
         <name>getdevice.c.obj</name>
      </input_file>
      <input_file id="fl-8f">
         <path>C:\ti\ccs900\ccs\tools\compiler\ti-cgt-msp430_18.12.1.LTS\lib\</path>
         <kind>archive</kind>
         <file>rts430x_lc_rd_eabi.lib</file>
         <name>strchr.c.obj</name>
      </input_file>
      <input_file id="fl-90">
         <path>C:\ti\ccs900\ccs\tools\compiler\ti-cgt-msp430_18.12.1.LTS\lib\</path>
         <kind>archive</kind>
         <file>rts430x_lc_rd_eabi.lib</file>
         <name>strcmp.c.obj</name>
      </input_file>
      <input_file id="fl-91">
         <path>C:\ti\ccs900\ccs\tools\compiler\ti-cgt-msp430_18.12.1.LTS\lib\</path>
         <kind>archive</kind>
         <file>rts430x_lc_rd_eabi.lib</file>
         <name>strcpy.c.obj</name>
      </input_file>
      <input_file id="fl-92">
         <path>C:\ti\ccs900\ccs\tools\compiler\ti-cgt-msp430_18.12.1.LTS\lib\</path>
         <kind>archive</kind>
         <file>rts430x_lc_rd_eabi.lib</file>
         <name>strncpy.c.obj</name>
      </input_file>
      <input_file id="fl-93">
         <path>C:\ti\ccs900\ccs\tools\compiler\ti-cgt-msp430_18.12.1.LTS\lib\</path>
         <kind>archive</kind>
         <file>rts430x_lc_rd_eabi.lib</file>
         <name>remove.c.obj</name>
      </input_file>
      <input_file id="fl-94">
         <path>C:\ti\ccs900\ccs\tools\compiler\ti-cgt-msp430_18.12.1.LTS\lib\</path>
         <kind>archive</kind>
         <file>rts430x_lc_rd_eabi.lib</file>
         <name>close.c.obj</name>
      </input_file>
      <input_file id="fl-95">
         <path>C:\ti\ccs900\ccs\tools\compiler\ti-cgt-msp430_18.12.1.LTS\lib\</path>
         <kind>archive</kind>
         <file>rts430x_lc_rd_eabi.lib</file>
         <name>unlink.c.obj</name>
      </input_file>
   </input_file_list>
   <object_component_list>
      <object_component id="oc-4d2">
         <name>.bss:EncBuffer</name>
         <uninitialized>true</uninitialized>
         <run_address>0x2752</run_address>
         <size>0x20</size>
         <input_file_ref idref="fl-5"/>
      </object_component>
      <object_component id="oc-881">
         <name>.bss</name>
         <uninitialized>true</uninitialized>
         <run_address>0x278a</run_address>
         <size>0x4</size>
         <input_file_ref idref="fl-78"/>
      </object_component>
      <object_component id="oc-3fe">
         <name>.common:buffer_tmp</name>
         <uninitialized>true</uninitialized>
         <run_address>0x2712</run_address>
         <size>0x40</size>
      </object_component>
      <object_component id="oc-4cb">
         <name>.common:buffer</name>
         <uninitialized>true</uninitialized>
         <run_address>0x2692</run_address>
         <size>0x80</size>
      </object_component>
      <object_component id="oc-3fb">
         <name>.common:key_1</name>
         <uninitialized>true</uninitialized>
         <run_address>0x2772</run_address>
         <size>0x10</size>
      </object_component>
      <object_component id="oc-896">
         <name>.common:__TI_tmpnams</name>
         <uninitialized>true</uninitialized>
         <run_address>0x25f2</run_address>
         <size>0xa0</size>
      </object_component>
      <object_component id="oc-8a1">
         <name>.common:parmbuf</name>
         <uninitialized>true</uninitialized>
         <run_address>0x2782</run_address>
         <size>0x8</size>
      </object_component>
      <object_component id="oc-3f8">
         <name>.data</name>
         <load_address>0x25d2</load_address>
         <run_address>0x25d2</run_address>
         <size>0x7</size>
         <input_file_ref idref="fl-2"/>
      </object_component>
      <object_component id="oc-4c7">
         <name>.data</name>
         <load_address>0x25bc</load_address>
         <run_address>0x25bc</run_address>
         <size>0x16</size>
         <input_file_ref idref="fl-5"/>
      </object_component>
      <object_component id="oc-70e">
         <name>.data:lookup</name>
         <load_address>0x257c</load_address>
         <run_address>0x257c</run_address>
         <size>0x20</size>
         <input_file_ref idref="fl-5"/>
      </object_component>
      <object_component id="oc-711">
         <name>.data:reverseLookup</name>
         <load_address>0x259c</load_address>
         <run_address>0x259c</run_address>
         <size>0x20</size>
         <input_file_ref idref="fl-5"/>
      </object_component>
      <object_component id="oc-51c">
         <name>.data:__TI_cleanup_ptr</name>
         <load_address>0x25da</load_address>
         <run_address>0x25da</run_address>
         <size>0x4</size>
         <input_file_ref idref="fl-59"/>
      </object_component>
      <object_component id="oc-519">
         <name>.data:__TI_dtors_ptr</name>
         <load_address>0x25de</load_address>
         <run_address>0x25de</run_address>
         <size>0x4</size>
         <input_file_ref idref="fl-59"/>
      </object_component>
      <object_component id="oc-516">
         <name>.data</name>
         <load_address>0x25ee</load_address>
         <run_address>0x25ee</run_address>
         <size>0x2</size>
         <input_file_ref idref="fl-71"/>
      </object_component>
      <object_component id="oc-4f8">
         <name>.data:_lock</name>
         <load_address>0x25e2</load_address>
         <run_address>0x25e2</run_address>
         <size>0x4</size>
         <input_file_ref idref="fl-72"/>
      </object_component>
      <object_component id="oc-510">
         <name>.data:_unlock</name>
         <load_address>0x25e6</load_address>
         <run_address>0x25e6</run_address>
         <size>0x4</size>
         <input_file_ref idref="fl-72"/>
      </object_component>
      <object_component id="oc-4fb">
         <name>.data:_ftable</name>
         <load_address>0x2400</load_address>
         <run_address>0x2400</run_address>
         <size>0xc8</size>
         <input_file_ref idref="fl-74"/>
      </object_component>
      <object_component id="oc-835">
         <name>.data</name>
         <load_address>0x25ea</load_address>
         <run_address>0x25ea</run_address>
         <size>0x2</size>
         <input_file_ref idref="fl-74"/>
      </object_component>
      <object_component id="oc-886">
         <name>.data</name>
         <load_address>0x25f0</load_address>
         <run_address>0x25f0</run_address>
         <size>0x2</size>
         <input_file_ref idref="fl-78"/>
      </object_component>
      <object_component id="oc-761">
         <name>.data</name>
         <load_address>0x25ec</load_address>
         <run_address>0x25ec</run_address>
         <size>0x2</size>
         <input_file_ref idref="fl-7b"/>
      </object_component>
      <object_component id="oc-7c8">
         <name>.data:_device</name>
         <load_address>0x24c8</load_address>
         <run_address>0x24c8</run_address>
         <size>0x78</size>
         <input_file_ref idref="fl-7d"/>
      </object_component>
      <object_component id="oc-728">
         <name>.data:_stream</name>
         <load_address>0x2540</load_address>
         <run_address>0x2540</run_address>
         <size>0x3c</size>
         <input_file_ref idref="fl-7d"/>
      </object_component>
      <object_component id="oc-381">
         <name>.sysmem</name>
         <uninitialized>true</uninitialized>
         <run_address>0x28b0</run_address>
         <size>0x8</size>
         <input_file_ref idref="fl-78"/>
      </object_component>
      <object_component id="oc-99e">
         <name>.sysmem</name>
         <uninitialized>true</uninitialized>
         <run_address>0x28b0</run_address>
         <size>0x0</size>
      </object_component>
      <object_component id="oc-37d">
         <name>.stack</name>
         <uninitialized>true</uninitialized>
         <run_address>0x4360</run_address>
         <size>0x4</size>
         <input_file_ref idref="fl-56"/>
      </object_component>
      <object_component id="oc-99d">
         <name>.stack</name>
         <uninitialized>true</uninitialized>
         <run_address>0x4360</run_address>
         <size>0x0</size>
      </object_component>
      <object_component id="oc-6d7">
         <name>.text:pow</name>
         <load_address>0x10000</load_address>
         <run_address>0x10000</run_address>
         <size>0x1148</size>
         <input_file_ref idref="fl-30"/>
      </object_component>
      <object_component id="oc-7e5">
         <name>.text:__TI_frcdivd</name>
         <load_address>0x11148</load_address>
         <run_address>0x11148</run_address>
         <size>0x466</size>
         <input_file_ref idref="fl-6c"/>
      </object_component>
      <object_component id="oc-4bf">
         <name>.text:aes_enc_dec</name>
         <load_address>0x115ae</load_address>
         <run_address>0x115ae</run_address>
         <size>0x408</size>
         <input_file_ref idref="fl-3"/>
      </object_component>
      <object_component id="oc-744">
         <name>.text:__mspabi_addd</name>
         <load_address>0x119b6</load_address>
         <run_address>0x119b6</run_address>
         <size>0x2e0</size>
         <input_file_ref idref="fl-61"/>
      </object_component>
      <object_component id="oc-755">
         <name>.text:sqrt</name>
         <load_address>0x11c96</load_address>
         <run_address>0x11c96</run_address>
         <size>0x2de</size>
         <input_file_ref idref="fl-31"/>
      </object_component>
      <object_component id="oc-655">
         <name>.text:__TI_frcmpyd</name>
         <load_address>0x11f74</load_address>
         <run_address>0x11f74</run_address>
         <size>0x280</size>
         <input_file_ref idref="fl-82"/>
      </object_component>
      <object_component id="oc-583">
         <name>.text:__mspabi_mpyd</name>
         <load_address>0x121f4</load_address>
         <run_address>0x121f4</run_address>
         <size>0x266</size>
         <input_file_ref idref="fl-6d"/>
      </object_component>
      <object_component id="oc-7dc">
         <name>.text:__TI_frcaddd</name>
         <load_address>0x1245a</load_address>
         <run_address>0x1245a</run_address>
         <size>0x248</size>
         <input_file_ref idref="fl-6b"/>
      </object_component>
      <object_component id="oc-74f">
         <name>.text:__mspabi_divd</name>
         <load_address>0x126a2</load_address>
         <run_address>0x126a2</run_address>
         <size>0x222</size>
         <input_file_ref idref="fl-64"/>
      </object_component>
      <object_component id="oc-4eb">
         <name>.text:decoder_bch</name>
         <load_address>0x128c4</load_address>
         <run_address>0x128c4</run_address>
         <size>0x1f2</size>
         <input_file_ref idref="fl-5"/>
      </object_component>
      <object_component id="oc-77f">
         <name>.text:scalbn</name>
         <load_address>0x12ab6</load_address>
         <run_address>0x12ab6</run_address>
         <size>0x15a</size>
         <input_file_ref idref="fl-32"/>
      </object_component>
      <object_component id="oc-5eb">
         <name>.text:_setfield</name>
         <load_address>0x12c10</load_address>
         <run_address>0x12c10</run_address>
         <size>0x132</size>
         <input_file_ref idref="fl-2b"/>
      </object_component>
      <object_component id="oc-828">
         <name>.text:aligned_alloc</name>
         <load_address>0x12d42</load_address>
         <run_address>0x12d42</run_address>
         <size>0x108</size>
         <input_file_ref idref="fl-78"/>
      </object_component>
      <object_component id="oc-5d7">
         <name>.text:fputs</name>
         <load_address>0x12e4a</load_address>
         <run_address>0x12e4a</run_address>
         <size>0xf0</size>
         <input_file_ref idref="fl-2d"/>
      </object_component>
      <object_component id="oc-71c">
         <name>.text:setvbuf</name>
         <load_address>0x12f3a</load_address>
         <run_address>0x12f3a</run_address>
         <size>0xde</size>
         <input_file_ref idref="fl-2f"/>
      </object_component>
      <object_component id="oc-50a">
         <name>.text:__TI_printfi_minimal</name>
         <load_address>0x13018</load_address>
         <run_address>0x13018</run_address>
         <size>0xdc</size>
         <input_file_ref idref="fl-2b"/>
      </object_component>
      <object_component id="oc-6aa">
         <name>.text:_pproc_diouxp</name>
         <load_address>0x130f4</load_address>
         <run_address>0x130f4</run_address>
         <size>0xda</size>
         <input_file_ref idref="fl-2b"/>
      </object_component>
      <object_component id="oc-7a9">
         <name>.text:free</name>
         <load_address>0x131ce</load_address>
         <run_address>0x131ce</run_address>
         <size>0xda</size>
         <input_file_ref idref="fl-78"/>
      </object_component>
      <object_component id="oc-779">
         <name>.text:__mspabi_cmpd</name>
         <load_address>0x132a8</load_address>
         <run_address>0x132a8</run_address>
         <size>0xd8</size>
         <input_file_ref idref="fl-62"/>
      </object_component>
      <object_component id="oc-644">
         <name>.text:GF2Divide</name>
         <load_address>0x13380</load_address>
         <run_address>0x13380</run_address>
         <size>0xb2</size>
         <input_file_ref idref="fl-5"/>
      </object_component>
      <object_component id="oc-869">
         <name>.text:__TI_renormd</name>
         <load_address>0x13432</load_address>
         <run_address>0x13432</run_address>
         <size>0xb2</size>
         <input_file_ref idref="fl-6f"/>
      </object_component>
      <object_component id="oc-59e">
         <name>.text:GF32Multiply</name>
         <load_address>0x134e4</load_address>
         <run_address>0x134e4</run_address>
         <size>0xa0</size>
         <input_file_ref idref="fl-5"/>
      </object_component>
      <object_component id="oc-76d">
         <name>.text:__mspabi_fltlid</name>
         <load_address>0x13584</load_address>
         <run_address>0x13584</run_address>
         <size>0x9e</size>
         <input_file_ref idref="fl-68"/>
      </object_component>
      <object_component id="oc-853">
         <name>.text:HOSTlseek</name>
         <load_address>0x13622</load_address>
         <run_address>0x13622</run_address>
         <size>0x9a</size>
         <input_file_ref idref="fl-84"/>
      </object_component>
      <object_component id="oc-40e">
         <name>.text:main</name>
         <load_address>0x136bc</load_address>
         <run_address>0x136bc</run_address>
         <size>0x9a</size>
         <input_file_ref idref="fl-2"/>
      </object_component>
      <object_component id="oc-5de">
         <name>.text:fputc</name>
         <load_address>0x13756</load_address>
         <run_address>0x13756</run_address>
         <size>0x90</size>
         <input_file_ref idref="fl-2c"/>
      </object_component>
      <object_component id="oc-64e">
         <name>.text:__mspabi_fltuld</name>
         <load_address>0x137e6</load_address>
         <run_address>0x137e6</run_address>
         <size>0x80</size>
         <input_file_ref idref="fl-6a"/>
      </object_component>
      <object_component id="oc-68b">
         <name>.text:__TI_wrt_ok</name>
         <load_address>0x13866</load_address>
         <run_address>0x13866</run_address>
         <size>0x7e</size>
         <input_file_ref idref="fl-2e"/>
      </object_component>
      <object_component id="oc-6d">
         <name>.text:decompress:lzss:__TI_decompress_lzss</name>
         <load_address>0x138e4</load_address>
         <run_address>0x138e4</run_address>
         <size>0x76</size>
         <input_file_ref idref="fl-60"/>
      </object_component>
      <object_component id="oc-85f">
         <name>.text:HOSTrename</name>
         <load_address>0x1395a</load_address>
         <run_address>0x1395a</run_address>
         <size>0x74</size>
         <input_file_ref idref="fl-87"/>
      </object_component>
      <object_component id="oc-82f">
         <name>.text:__TI_closefile</name>
         <load_address>0x139ce</load_address>
         <run_address>0x139ce</run_address>
         <size>0x74</size>
         <input_file_ref idref="fl-8d"/>
      </object_component>
      <object_component id="oc-83b">
         <name>.text:HOSTopen</name>
         <load_address>0x13a42</load_address>
         <run_address>0x13a42</run_address>
         <size>0x70</size>
         <input_file_ref idref="fl-85"/>
      </object_component>
      <object_component id="oc-889">
         <name>.text:split</name>
         <load_address>0x13ab2</load_address>
         <run_address>0x13ab2</run_address>
         <size>0x70</size>
         <input_file_ref idref="fl-78"/>
      </object_component>
      <object_component id="oc-84d">
         <name>.text:HOSTwrite</name>
         <load_address>0x13b22</load_address>
         <run_address>0x13b22</run_address>
         <size>0x6c</size>
         <input_file_ref idref="fl-89"/>
      </object_component>
      <object_component id="oc-847">
         <name>.text:HOSTread</name>
         <load_address>0x13b8e</load_address>
         <run_address>0x13b8e</run_address>
         <size>0x6a</size>
         <input_file_ref idref="fl-86"/>
      </object_component>
      <object_component id="oc-716">
         <name>.text:fseek</name>
         <load_address>0x13bf8</load_address>
         <run_address>0x13bf8</run_address>
         <size>0x6a</size>
         <input_file_ref idref="fl-80"/>
      </object_component>
      <object_component id="oc-6dd">
         <name>.text:__mspabi_fixdul</name>
         <load_address>0x13c62</load_address>
         <run_address>0x13c62</run_address>
         <size>0x68</size>
         <input_file_ref idref="fl-67"/>
      </object_component>
      <object_component id="oc-662">
         <name>.text:__mspabi_fixdli</name>
         <load_address>0x13cca</load_address>
         <run_address>0x13cca</run_address>
         <size>0x66</size>
         <input_file_ref idref="fl-66"/>
      </object_component>
      <object_component id="oc-470">
         <name>.text:bch_buffer_decoder</name>
         <load_address>0x13d30</load_address>
         <run_address>0x13d30</run_address>
         <size>0x66</size>
         <input_file_ref idref="fl-5"/>
      </object_component>
      <object_component id="oc-697">
         <name>.text:__TI_doflush</name>
         <load_address>0x13d96</load_address>
         <run_address>0x13d96</run_address>
         <size>0x64</size>
         <input_file_ref idref="fl-7e"/>
      </object_component>
      <object_component id="oc-4cc">
         <name>.text:encoder_bch</name>
         <load_address>0x13dfa</load_address>
         <run_address>0x13dfa</run_address>
         <size>0x64</size>
         <input_file_ref idref="fl-5"/>
      </object_component>
      <object_component id="oc-4d5">
         <name>.text:error_module</name>
         <load_address>0x13e5e</load_address>
         <run_address>0x13e5e</run_address>
         <size>0x5e</size>
         <input_file_ref idref="fl-5"/>
      </object_component>
      <object_component id="oc-6d1">
         <name>.text:__mspabi_cvtfd</name>
         <load_address>0x13ebc</load_address>
         <run_address>0x13ebc</run_address>
         <size>0x5c</size>
         <input_file_ref idref="fl-63"/>
      </object_component>
      <object_component id="oc-45e">
         <name>.text:bch_buffer_encoder</name>
         <load_address>0x13f18</load_address>
         <run_address>0x13f18</run_address>
         <size>0x5c</size>
         <input_file_ref idref="fl-5"/>
      </object_component>
      <object_component id="oc-890">
         <name>.text:close</name>
         <load_address>0x13f74</load_address>
         <run_address>0x13f74</run_address>
         <size>0x5a</size>
         <input_file_ref idref="fl-94"/>
      </object_component>
      <object_component id="oc-8d0">
         <name>.text:getdevice</name>
         <load_address>0x13fce</load_address>
         <run_address>0x13fce</run_address>
         <size>0x5a</size>
         <input_file_ref idref="fl-8e"/>
      </object_component>
      <object_component id="oc-4a2">
         <name>.text:__TI_auto_init_nobinit_nopinit_hold_wdt:__TI_auto_init_nobinit_nopinit_hold_wdt</name>
         <load_address>0x14028</load_address>
         <run_address>0x14028</run_address>
         <size>0x54</size>
         <input_file_ref idref="fl-57"/>
      </object_component>
      <object_component id="oc-841">
         <name>.text:HOSTclose</name>
         <load_address>0x1407c</load_address>
         <run_address>0x1407c</run_address>
         <size>0x4e</size>
         <input_file_ref idref="fl-83"/>
      </object_component>
      <object_component id="oc-484">
         <name>.text:exit</name>
         <load_address>0x140ca</load_address>
         <run_address>0x140ca</run_address>
         <size>0x4a</size>
         <input_file_ref idref="fl-71"/>
      </object_component>
      <object_component id="oc-477">
         <name>.text:printf</name>
         <load_address>0x14114</load_address>
         <run_address>0x14114</run_address>
         <size>0x4a</size>
         <input_file_ref idref="fl-2a"/>
      </object_component>
      <object_component id="oc-458">
         <name>.text:LFSRs</name>
         <load_address>0x1415e</load_address>
         <run_address>0x1415e</run_address>
         <size>0x48</size>
         <input_file_ref idref="fl-5"/>
      </object_component>
      <object_component id="oc-5f1">
         <name>.text:_pproc_str</name>
         <load_address>0x141a6</load_address>
         <run_address>0x141a6</run_address>
         <size>0x48</size>
         <input_file_ref idref="fl-2b"/>
      </object_component>
      <object_component id="oc-4db">
         <name>.text:bytes_2_bits</name>
         <load_address>0x141ee</load_address>
         <run_address>0x141ee</run_address>
         <size>0x48</size>
         <input_file_ref idref="fl-5"/>
      </object_component>
      <object_component id="oc-44c">
         <name>.text:write_key_to_flash</name>
         <load_address>0x14236</load_address>
         <run_address>0x14236</run_address>
         <size>0x48</size>
         <input_file_ref idref="fl-8"/>
      </object_component>
      <object_component id="oc-464">
         <name>.text:write_to_flash</name>
         <load_address>0x1427e</load_address>
         <run_address>0x1427e</run_address>
         <size>0x48</size>
         <input_file_ref idref="fl-8"/>
      </object_component>
      <object_component id="oc-859">
         <name>.text:HOSTunlink</name>
         <load_address>0x142c6</load_address>
         <run_address>0x142c6</run_address>
         <size>0x46</size>
         <input_file_ref idref="fl-88"/>
      </object_component>
      <object_component id="oc-452">
         <name>.text:aes_enc_dec_buffer</name>
         <load_address>0x1430c</load_address>
         <run_address>0x1430c</run_address>
         <size>0x44</size>
         <input_file_ref idref="fl-7"/>
      </object_component>
      <object_component id="oc-562">
         <name>.text:GF2Mod</name>
         <load_address>0x14350</load_address>
         <run_address>0x14350</run_address>
         <size>0x42</size>
         <input_file_ref idref="fl-5"/>
      </object_component>
      <object_component id="oc-5bc">
         <name>.text:GF32Evaluate</name>
         <load_address>0x14392</load_address>
         <run_address>0x14392</run_address>
         <size>0x40</size>
         <input_file_ref idref="fl-5"/>
      </object_component>
      <object_component id="oc-6e3">
         <name>.text:GF2Multiply</name>
         <load_address>0x143d2</load_address>
         <run_address>0x143d2</run_address>
         <size>0x3e</size>
         <input_file_ref idref="fl-5"/>
      </object_component>
      <object_component id="oc-6f7">
         <name>.text:l_asr_const</name>
         <load_address>0x14410</load_address>
         <run_address>0x14410</run_address>
         <size>0x3e</size>
         <input_file_ref idref="fl-34"/>
      </object_component>
      <object_component id="oc-637">
         <name>.text:l_lsl_const</name>
         <load_address>0x1444e</load_address>
         <run_address>0x1444e</run_address>
         <size>0x3e</size>
         <input_file_ref idref="fl-4e"/>
      </object_component>
      <object_component id="oc-6f0">
         <name>.text:l_lsr_const</name>
         <load_address>0x1448c</load_address>
         <run_address>0x1448c</run_address>
         <size>0x3e</size>
         <input_file_ref idref="fl-4f"/>
      </object_component>
      <object_component id="oc-7a1">
         <name>.text:lseek</name>
         <load_address>0x144ca</load_address>
         <run_address>0x144ca</run_address>
         <size>0x3e</size>
         <input_file_ref idref="fl-8c"/>
      </object_component>
      <object_component id="oc-69d">
         <name>.text:write</name>
         <load_address>0x14508</load_address>
         <run_address>0x14508</run_address>
         <size>0x3c</size>
         <input_file_ref idref="fl-7c"/>
      </object_component>
      <object_component id="oc-7b5">
         <name>.text:__TI_cleanup</name>
         <load_address>0x14544</load_address>
         <run_address>0x14544</run_address>
         <size>0x36</size>
         <input_file_ref idref="fl-7f"/>
      </object_component>
      <object_component id="oc-8a4">
         <name>.text:__TI_writemsg</name>
         <load_address>0x1457a</load_address>
         <run_address>0x1457a</run_address>
         <size>0x36</size>
         <input_file_ref idref="fl-8a"/>
      </object_component>
      <object_component id="oc-5aa">
         <name>.text:multiply_constant</name>
         <load_address>0x145b0</load_address>
         <run_address>0x145b0</run_address>
         <size>0x36</size>
         <input_file_ref idref="fl-5"/>
      </object_component>
      <object_component id="oc-6cc">
         <name>.text</name>
         <load_address>0x145e6</load_address>
         <run_address>0x145e6</run_address>
         <size>0x36</size>
         <input_file_ref idref="fl-37"/>
      </object_component>
      <object_component id="oc-5b0">
         <name>.text:GF32Add</name>
         <load_address>0x1461c</load_address>
         <run_address>0x1461c</run_address>
         <size>0x32</size>
         <input_file_ref idref="fl-5"/>
      </object_component>
      <object_component id="oc-8aa">
         <name>.text:__TI_readmsg</name>
         <load_address>0x1464e</load_address>
         <run_address>0x1464e</run_address>
         <size>0x32</size>
         <input_file_ref idref="fl-8a"/>
      </object_component>
      <object_component id="oc-767">
         <name>.text:__mspabi_subd</name>
         <load_address>0x14680</load_address>
         <run_address>0x14680</run_address>
         <size>0x32</size>
         <input_file_ref idref="fl-70"/>
      </object_component>
      <object_component id="oc-8fa">
         <name>.text:strncpy</name>
         <load_address>0x146b2</load_address>
         <run_address>0x146b2</run_address>
         <size>0x32</size>
         <input_file_ref idref="fl-92"/>
      </object_component>
      <object_component id="oc-897">
         <name>.text:unlink</name>
         <load_address>0x146e4</load_address>
         <run_address>0x146e4</run_address>
         <size>0x30</size>
         <input_file_ref idref="fl-95"/>
      </object_component>
      <object_component id="oc-75b">
         <name>.text:__mspabi_negd</name>
         <load_address>0x14714</load_address>
         <run_address>0x14714</run_address>
         <size>0x2e</size>
         <input_file_ref idref="fl-6e"/>
      </object_component>
      <object_component id="oc-7fc">
         <name>.text:copysign</name>
         <load_address>0x14742</load_address>
         <run_address>0x14742</run_address>
         <size>0x2e</size>
         <input_file_ref idref="fl-33"/>
      </object_component>
      <object_component id="oc-900">
         <name>.text:finddevice</name>
         <load_address>0x14770</load_address>
         <run_address>0x14770</run_address>
         <size>0x2e</size>
         <input_file_ref idref="fl-8e"/>
      </object_component>
      <object_component id="oc-4e5">
         <name>.text:bits_2_bytes</name>
         <load_address>0x1479e</load_address>
         <run_address>0x1479e</run_address>
         <size>0x2c</size>
         <input_file_ref idref="fl-5"/>
      </object_component>
      <object_component id="oc-821">
         <name>.text:free_list_insert</name>
         <load_address>0x147ca</load_address>
         <run_address>0x147ca</run_address>
         <size>0x2c</size>
         <input_file_ref idref="fl-78"/>
      </object_component>
      <object_component id="oc-66f">
         <name>.text</name>
         <load_address>0x147f6</load_address>
         <run_address>0x147f6</run_address>
         <size>0x2c</size>
         <input_file_ref idref="fl-35"/>
      </object_component>
      <object_component id="oc-81b">
         <name>.text:free_list_remove</name>
         <load_address>0x14822</load_address>
         <run_address>0x14822</run_address>
         <size>0x2a</size>
         <input_file_ref idref="fl-78"/>
      </object_component>
      <object_component id="oc-5a4">
         <name>.text:multiply_x</name>
         <load_address>0x1484c</load_address>
         <run_address>0x1484c</run_address>
         <size>0x2a</size>
         <input_file_ref idref="fl-5"/>
      </object_component>
      <object_component id="oc-6e9">
         <name>.text:GF2FindDegree</name>
         <load_address>0x14876</load_address>
         <run_address>0x14876</run_address>
         <size>0x28</size>
         <input_file_ref idref="fl-5"/>
      </object_component>
      <object_component id="oc-589">
         <name>.text:__mspabi_fixdi</name>
         <load_address>0x1489e</load_address>
         <run_address>0x1489e</run_address>
         <size>0x28</size>
         <input_file_ref idref="fl-65"/>
      </object_component>
      <object_component id="oc-3a7">
         <name>.text:decompress:ZI:__TI_zero_init_nomemset:__TI_zero_init_nomemset</name>
         <load_address>0x148c6</load_address>
         <run_address>0x148c6</run_address>
         <size>0x24</size>
         <input_file_ref idref="fl-58"/>
      </object_component>
      <object_component id="oc-6fc">
         <name>.text</name>
         <load_address>0x148ea</load_address>
         <run_address>0x148ea</run_address>
         <size>0x24</size>
         <input_file_ref idref="fl-53"/>
      </object_component>
      <object_component id="oc-446">
         <name>.text:uart_init</name>
         <load_address>0x1490e</load_address>
         <run_address>0x1490e</run_address>
         <size>0x24</size>
         <input_file_ref idref="fl-9"/>
      </object_component>
      <object_component id="oc-46a">
         <name>.text:read_from_flash</name>
         <load_address>0x14932</load_address>
         <run_address>0x14932</run_address>
         <size>0x22</size>
         <input_file_ref idref="fl-8"/>
      </object_component>
      <object_component id="oc-5c2">
         <name>.text:correct_errors</name>
         <load_address>0x14954</load_address>
         <run_address>0x14954</run_address>
         <size>0x20</size>
         <input_file_ref idref="fl-5"/>
      </object_component>
      <object_component id="oc-6b0">
         <name>.text:memccpy</name>
         <load_address>0x14974</load_address>
         <run_address>0x14974</run_address>
         <size>0x1e</size>
         <input_file_ref idref="fl-75"/>
      </object_component>
      <object_component id="oc-8f4">
         <name>.text:strchr</name>
         <load_address>0x14992</load_address>
         <run_address>0x14992</run_address>
         <size>0x1c</size>
         <input_file_ref idref="fl-8f"/>
      </object_component>
      <object_component id="oc-919">
         <name>.text:strcmp</name>
         <load_address>0x149ae</load_address>
         <run_address>0x149ae</run_address>
         <size>0x1c</size>
         <input_file_ref idref="fl-90"/>
      </object_component>
      <object_component id="oc-56e">
         <name>.text:GF32Init</name>
         <load_address>0x149ca</load_address>
         <run_address>0x149ca</run_address>
         <size>0x1a</size>
         <input_file_ref idref="fl-5"/>
      </object_component>
      <object_component id="oc-622">
         <name>.text</name>
         <load_address>0x149e4</load_address>
         <run_address>0x149e4</run_address>
         <size>0x18</size>
         <input_file_ref idref="fl-51"/>
      </object_component>
      <object_component id="oc-78d">
         <name>.text:getBit</name>
         <load_address>0x149fc</load_address>
         <run_address>0x149fc</run_address>
         <size>0x16</size>
         <input_file_ref idref="fl-5"/>
      </object_component>
      <object_component id="oc-815">
         <name>.text:heap_start</name>
         <load_address>0x14a12</load_address>
         <run_address>0x14a12</run_address>
         <size>0x16</size>
         <input_file_ref idref="fl-78"/>
      </object_component>
      <object_component id="oc-691">
         <name>.text:memchr</name>
         <load_address>0x14a28</load_address>
         <run_address>0x14a28</run_address>
         <size>0x16</size>
         <input_file_ref idref="fl-76"/>
      </object_component>
      <object_component id="oc-63e">
         <name>.text:memset</name>
         <load_address>0x14a3e</load_address>
         <run_address>0x14a3e</run_address>
         <size>0x16</size>
         <input_file_ref idref="fl-79"/>
      </object_component>
      <object_component id="oc-67f">
         <name>.text</name>
         <load_address>0x14a54</load_address>
         <run_address>0x14a54</run_address>
         <size>0x16</size>
         <input_file_ref idref="fl-36"/>
      </object_component>
      <object_component id="oc-4f1">
         <name>.text:de_concate</name>
         <load_address>0x14a6a</load_address>
         <run_address>0x14a6a</run_address>
         <size>0x14</size>
         <input_file_ref idref="fl-5"/>
      </object_component>
      <object_component id="oc-38f">
         <name>.text:memcpy</name>
         <load_address>0x14a7e</load_address>
         <run_address>0x14a7e</run_address>
         <size>0x14</size>
         <input_file_ref idref="fl-77"/>
      </object_component>
      <object_component id="oc-677">
         <name>.text:GF32add2alpha</name>
         <load_address>0x14a92</load_address>
         <run_address>0x14a92</run_address>
         <size>0x12</size>
         <input_file_ref idref="fl-5"/>
      </object_component>
      <object_component id="oc-73">
         <name>.text:decompress:none:__TI_decompress_none</name>
         <load_address>0x14aa4</load_address>
         <run_address>0x14aa4</run_address>
         <size>0x12</size>
         <input_file_ref idref="fl-5f"/>
      </object_component>
      <object_component id="oc-548">
         <name>.text:galois_mul2</name>
         <load_address>0x14ab6</load_address>
         <run_address>0x14ab6</run_address>
         <size>0x12</size>
         <input_file_ref idref="fl-3"/>
      </object_component>
      <object_component id="oc-8bb">
         <name>.text:strcpy</name>
         <load_address>0x14ac8</load_address>
         <run_address>0x14ac8</run_address>
         <size>0x12</size>
         <input_file_ref idref="fl-91"/>
      </object_component>
      <object_component id="oc-5b6">
         <name>.text:GF32FindDegree</name>
         <load_address>0x14ada</load_address>
         <run_address>0x14ada</run_address>
         <size>0x10</size>
         <input_file_ref idref="fl-5"/>
      </object_component>
      <object_component id="oc-557">
         <name>.text:concate</name>
         <load_address>0x14aea</load_address>
         <run_address>0x14aea</run_address>
         <size>0x10</size>
         <input_file_ref idref="fl-5"/>
      </object_component>
      <object_component id="oc-74a">
         <name>.text:l_asr</name>
         <load_address>0x14afa</load_address>
         <run_address>0x14afa</run_address>
         <size>0x10</size>
         <input_file_ref idref="fl-34"/>
      </object_component>
      <object_component id="oc-55d">
         <name>.text:l_lsl</name>
         <load_address>0x14b0a</load_address>
         <run_address>0x14b0a</run_address>
         <size>0x10</size>
         <input_file_ref idref="fl-4e"/>
      </object_component>
      <object_component id="oc-705">
         <name>.text:l_lsr</name>
         <load_address>0x14b1a</load_address>
         <run_address>0x14b1a</run_address>
         <size>0x10</size>
         <input_file_ref idref="fl-4f"/>
      </object_component>
      <object_component id="oc-577">
         <name>.text:rand_local</name>
         <load_address>0x14b2a</load_address>
         <run_address>0x14b2a</run_address>
         <size>0xe</size>
         <input_file_ref idref="fl-5"/>
      </object_component>
      <object_component id="oc-5e5">
         <name>.text:strlen</name>
         <load_address>0x14b38</load_address>
         <run_address>0x14b38</run_address>
         <size>0xe</size>
         <input_file_ref idref="fl-7a"/>
      </object_component>
      <object_component id="oc-568">
         <name>.text:GF2Add</name>
         <load_address>0x14b46</load_address>
         <run_address>0x14b46</run_address>
         <size>0xa</size>
         <input_file_ref idref="fl-5"/>
      </object_component>
      <object_component id="oc-7af">
         <name>.text:malloc</name>
         <load_address>0x14b50</load_address>
         <run_address>0x14b50</run_address>
         <size>0x8</size>
         <input_file_ref idref="fl-78"/>
      </object_component>
      <object_component id="oc-57d">
         <name>.text:__mspabi_fltud</name>
         <load_address>0x14b58</load_address>
         <run_address>0x14b58</run_address>
         <size>0x6</size>
         <input_file_ref idref="fl-69"/>
      </object_component>
      <object_component id="oc-504">
         <name>.text:_outc</name>
         <load_address>0x14b5e</load_address>
         <run_address>0x14b5e</run_address>
         <size>0x6</size>
         <input_file_ref idref="fl-2a"/>
      </object_component>
      <object_component id="oc-47e">
         <name>.text:abort</name>
         <load_address>0x14b64</load_address>
         <run_address>0x14b64</run_address>
         <size>0x6</size>
         <input_file_ref idref="fl-71"/>
      </object_component>
      <object_component id="oc-4fe">
         <name>.text:_outs</name>
         <load_address>0x14b6a</load_address>
         <run_address>0x14b6a</run_address>
         <size>0x4</size>
         <input_file_ref idref="fl-2a"/>
      </object_component>
      <object_component id="oc-408">
         <name>.text:_system_pre_init</name>
         <load_address>0x14b6e</load_address>
         <run_address>0x14b6e</run_address>
         <size>0x4</size>
         <input_file_ref idref="fl-5d"/>
      </object_component>
      <object_component id="oc-5ca">
         <name>.text:_nop</name>
         <load_address>0x14b72</load_address>
         <run_address>0x14b72</run_address>
         <size>0x2</size>
         <input_file_ref idref="fl-72"/>
      </object_component>
      <object_component id="oc-521">
         <name>.text:_system_post_cinit</name>
         <load_address>0x14b74</load_address>
         <run_address>0x14b74</run_address>
         <size>0x2</size>
         <input_file_ref idref="fl-5e"/>
      </object_component>
      <object_component id="oc-3a1">
         <name>.text:_isr:USCI_A1_ISR</name>
         <load_address>0x4400</load_address>
         <run_address>0x4400</run_address>
         <size>0xa0</size>
         <input_file_ref idref="fl-2"/>
      </object_component>
      <object_component id="oc-3b9">
         <name>.text:_isr:_c_int00_noargs</name>
         <load_address>0x44a0</load_address>
         <run_address>0x44a0</run_address>
         <size>0x1c</size>
         <input_file_ref idref="fl-56"/>
      </object_component>
      <object_component id="oc-39c">
         <name>.text:_isr:__TI_ISR_TRAP</name>
         <load_address>0x44bc</load_address>
         <run_address>0x44bc</run_address>
         <size>0x8</size>
         <input_file_ref idref="fl-4d"/>
      </object_component>
      <object_component id="oc-99c">
         <name>.cinit..data.load</name>
         <load_address>0x4718</load_address>
         <run_address>0x4718</run_address>
         <size>0xaa</size>
      </object_component>
      <object_component id="oc-999">
         <name>__TI_handler_table</name>
         <load_address>0x47c2</load_address>
         <run_address>0x47c2</run_address>
         <size>0xc</size>
      </object_component>
      <object_component id="oc-99b">
         <name>.cinit..bss.load</name>
         <load_address>0x47ce</load_address>
         <run_address>0x47ce</run_address>
         <size>0x6</size>
      </object_component>
      <object_component id="oc-99a">
         <name>__TI_cinit_table</name>
         <load_address>0x47d4</load_address>
         <run_address>0x47d4</run_address>
         <size>0x10</size>
      </object_component>
      <object_component id="oc-54e">
         <name>.const:.string:rsbox</name>
         <load_address>0x44c4</load_address>
         <run_address>0x44c4</run_address>
         <size>0x100</size>
         <input_file_ref idref="fl-3"/>
      </object_component>
      <object_component id="oc-545">
         <name>.const:.string:sbox</name>
         <load_address>0x45c4</load_address>
         <run_address>0x45c4</run_address>
         <size>0x100</size>
         <input_file_ref idref="fl-3"/>
      </object_component>
      <object_component id="oc-6a9">
         <name>.const:.string</name>
         <load_address>0x46c4</load_address>
         <run_address>0x46c4</run_address>
         <size>0x14</size>
         <input_file_ref idref="fl-2b"/>
      </object_component>
      <object_component id="oc-764">
         <name>.const:bp</name>
         <load_address>0x46d8</load_address>
         <run_address>0x46d8</run_address>
         <size>0x10</size>
         <input_file_ref idref="fl-30"/>
      </object_component>
      <object_component id="oc-773">
         <name>.const:dp_h</name>
         <load_address>0x46e8</load_address>
         <run_address>0x46e8</run_address>
         <size>0x10</size>
         <input_file_ref idref="fl-30"/>
      </object_component>
      <object_component id="oc-776">
         <name>.const:dp_l</name>
         <load_address>0x46f8</load_address>
         <run_address>0x46f8</run_address>
         <size>0x10</size>
         <input_file_ref idref="fl-30"/>
      </object_component>
      <object_component id="oc-542">
         <name>.const:.string:Rcon</name>
         <load_address>0x4708</load_address>
         <run_address>0x4708</run_address>
         <size>0xa</size>
         <input_file_ref idref="fl-3"/>
      </object_component>
      <object_component id="oc-476">
         <name>.const:.string</name>
         <load_address>0x4712</load_address>
         <run_address>0x4712</run_address>
         <size>0x6</size>
         <input_file_ref idref="fl-2"/>
      </object_component>
      <object_component id="oc-8dc">
         <name>.cio</name>
         <uninitialized>true</uninitialized>
         <run_address>0x278e</run_address>
         <size>0x120</size>
         <input_file_ref idref="fl-8a"/>
      </object_component>
      <object_component id="oc-92b">
         <name>.binit</name>
         <load_address>0x4400</load_address>
         <run_address>0x4400</run_address>
         <size>0x0</size>
      </object_component>
      <object_component id="oc-79">
         <name>.int41</name>
         <load_address>0xffd2</load_address>
         <run_address>0xffd2</run_address>
         <size>0x2</size>
         <input_file_ref idref="fl-38"/>
      </object_component>
      <object_component id="oc-7a">
         <name>.int42</name>
         <load_address>0xffd4</load_address>
         <run_address>0xffd4</run_address>
         <size>0x2</size>
         <input_file_ref idref="fl-39"/>
      </object_component>
      <object_component id="oc-7b">
         <name>.int43</name>
         <load_address>0xffd6</load_address>
         <run_address>0xffd6</run_address>
         <size>0x2</size>
         <input_file_ref idref="fl-3a"/>
      </object_component>
      <object_component id="oc-7c">
         <name>.int44</name>
         <load_address>0xffd8</load_address>
         <run_address>0xffd8</run_address>
         <size>0x2</size>
         <input_file_ref idref="fl-3b"/>
      </object_component>
      <object_component id="oc-7d">
         <name>.int45</name>
         <load_address>0xffda</load_address>
         <run_address>0xffda</run_address>
         <size>0x2</size>
         <input_file_ref idref="fl-3c"/>
      </object_component>
      <object_component id="oc-7e">
         <name>.int46</name>
         <load_address>0xffdc</load_address>
         <run_address>0xffdc</run_address>
         <size>0x2</size>
         <input_file_ref idref="fl-2"/>
      </object_component>
      <object_component id="oc-7f">
         <name>.int47</name>
         <load_address>0xffde</load_address>
         <run_address>0xffde</run_address>
         <size>0x2</size>
         <input_file_ref idref="fl-3d"/>
      </object_component>
      <object_component id="oc-80">
         <name>.int48</name>
         <load_address>0xffe0</load_address>
         <run_address>0xffe0</run_address>
         <size>0x2</size>
         <input_file_ref idref="fl-3e"/>
      </object_component>
      <object_component id="oc-81">
         <name>.int49</name>
         <load_address>0xffe2</load_address>
         <run_address>0xffe2</run_address>
         <size>0x2</size>
         <input_file_ref idref="fl-3f"/>
      </object_component>
      <object_component id="oc-82">
         <name>.int50</name>
         <load_address>0xffe4</load_address>
         <run_address>0xffe4</run_address>
         <size>0x2</size>
         <input_file_ref idref="fl-40"/>
      </object_component>
      <object_component id="oc-83">
         <name>.int51</name>
         <load_address>0xffe6</load_address>
         <run_address>0xffe6</run_address>
         <size>0x2</size>
         <input_file_ref idref="fl-41"/>
      </object_component>
      <object_component id="oc-84">
         <name>.int52</name>
         <load_address>0xffe8</load_address>
         <run_address>0xffe8</run_address>
         <size>0x2</size>
         <input_file_ref idref="fl-42"/>
      </object_component>
      <object_component id="oc-85">
         <name>.int53</name>
         <load_address>0xffea</load_address>
         <run_address>0xffea</run_address>
         <size>0x2</size>
         <input_file_ref idref="fl-43"/>
      </object_component>
      <object_component id="oc-86">
         <name>.int54</name>
         <load_address>0xffec</load_address>
         <run_address>0xffec</run_address>
         <size>0x2</size>
         <input_file_ref idref="fl-44"/>
      </object_component>
      <object_component id="oc-87">
         <name>.int55</name>
         <load_address>0xffee</load_address>
         <run_address>0xffee</run_address>
         <size>0x2</size>
         <input_file_ref idref="fl-45"/>
      </object_component>
      <object_component id="oc-88">
         <name>.int56</name>
         <load_address>0xfff0</load_address>
         <run_address>0xfff0</run_address>
         <size>0x2</size>
         <input_file_ref idref="fl-46"/>
      </object_component>
      <object_component id="oc-89">
         <name>.int57</name>
         <load_address>0xfff2</load_address>
         <run_address>0xfff2</run_address>
         <size>0x2</size>
         <input_file_ref idref="fl-47"/>
      </object_component>
      <object_component id="oc-8a">
         <name>.int58</name>
         <load_address>0xfff4</load_address>
         <run_address>0xfff4</run_address>
         <size>0x2</size>
         <input_file_ref idref="fl-48"/>
      </object_component>
      <object_component id="oc-8b">
         <name>.int59</name>
         <load_address>0xfff6</load_address>
         <run_address>0xfff6</run_address>
         <size>0x2</size>
         <input_file_ref idref="fl-49"/>
      </object_component>
      <object_component id="oc-8c">
         <name>.int60</name>
         <load_address>0xfff8</load_address>
         <run_address>0xfff8</run_address>
         <size>0x2</size>
         <input_file_ref idref="fl-4a"/>
      </object_component>
      <object_component id="oc-8d">
         <name>.int61</name>
         <load_address>0xfffa</load_address>
         <run_address>0xfffa</run_address>
         <size>0x2</size>
         <input_file_ref idref="fl-4b"/>
      </object_component>
      <object_component id="oc-8e">
         <name>.int62</name>
         <load_address>0xfffc</load_address>
         <run_address>0xfffc</run_address>
         <size>0x2</size>
         <input_file_ref idref="fl-4c"/>
      </object_component>
      <object_component id="oc-380">
         <name>.reset</name>
         <load_address>0xfffe</load_address>
         <run_address>0xfffe</run_address>
         <size>0x2</size>
         <input_file_ref idref="fl-56"/>
      </object_component>
      <object_component id="oc-669">
         <name>.debug_info</name>
         <load_address>0x0</load_address>
         <run_address>0x0</run_address>
         <size>0x419</size>
         <input_file_ref idref="fl-2"/>
      </object_component>
      <object_component id="oc-3f9">
         <name>.debug_info</name>
         <load_address>0x419</load_address>
         <run_address>0x419</run_address>
         <size>0x232</size>
         <input_file_ref idref="fl-2"/>
      </object_component>
      <object_component id="oc-410">
         <name>.debug_info</name>
         <load_address>0x64b</load_address>
         <run_address>0x64b</run_address>
         <size>0x20e</size>
         <input_file_ref idref="fl-2"/>
      </object_component>
      <object_component id="oc-3a2">
         <name>.debug_info</name>
         <load_address>0x859</load_address>
         <run_address>0x859</run_address>
         <size>0x137</size>
         <input_file_ref idref="fl-2"/>
      </object_component>
      <object_component id="oc-593">
         <name>.debug_info</name>
         <load_address>0x990</load_address>
         <run_address>0x990</run_address>
         <size>0x4a</size>
         <input_file_ref idref="fl-2"/>
      </object_component>
      <object_component id="oc-598">
         <name>.debug_info</name>
         <load_address>0x9da</load_address>
         <run_address>0x9da</run_address>
         <size>0x26b</size>
         <input_file_ref idref="fl-2"/>
      </object_component>
      <object_component id="oc-38a">
         <name>.debug_info</name>
         <load_address>0xc45</load_address>
         <run_address>0xc45</run_address>
         <size>0x84</size>
         <input_file_ref idref="fl-2"/>
      </object_component>
      <object_component id="oc-66a">
         <name>.debug_info</name>
         <load_address>0xcc9</load_address>
         <run_address>0xcc9</run_address>
         <size>0x275</size>
         <input_file_ref idref="fl-2"/>
      </object_component>
      <object_component id="oc-5f9">
         <name>.debug_info</name>
         <load_address>0xf3e</load_address>
         <run_address>0xf3e</run_address>
         <size>0x2c</size>
         <input_file_ref idref="fl-2"/>
      </object_component>
      <object_component id="oc-552">
         <name>.debug_info</name>
         <load_address>0xf6a</load_address>
         <run_address>0xf6a</run_address>
         <size>0x18e</size>
         <input_file_ref idref="fl-3"/>
      </object_component>
      <object_component id="oc-546">
         <name>.debug_info</name>
         <load_address>0x10f8</load_address>
         <run_address>0x10f8</run_address>
         <size>0x108</size>
         <input_file_ref idref="fl-3"/>
      </object_component>
      <object_component id="oc-54f">
         <name>.debug_info</name>
         <load_address>0x1200</load_address>
         <run_address>0x1200</run_address>
         <size>0x10a</size>
         <input_file_ref idref="fl-3"/>
      </object_component>
      <object_component id="oc-543">
         <name>.debug_info</name>
         <load_address>0x130a</load_address>
         <run_address>0x130a</run_address>
         <size>0x108</size>
         <input_file_ref idref="fl-3"/>
      </object_component>
      <object_component id="oc-54c">
         <name>.debug_info</name>
         <load_address>0x1412</load_address>
         <run_address>0x1412</run_address>
         <size>0x18f</size>
         <input_file_ref idref="fl-3"/>
      </object_component>
      <object_component id="oc-4c0">
         <name>.debug_info</name>
         <load_address>0x15a1</load_address>
[...]
         <object_component_ref idref="oc-80"/>
      </symbol>
      <symbol id="sm-775">
         <name>__TI_int49</name>
         <value>0xffe2</value>
         <object_component_ref idref="oc-81"/>
      </symbol>
      <symbol id="sm-778">
         <name>__TI_int50</name>
         <value>0xffe4</value>
         <object_component_ref idref="oc-82"/>
      </symbol>
      <symbol id="sm-77b">
         <name>__TI_int51</name>
         <value>0xffe6</value>
         <object_component_ref idref="oc-83"/>
      </symbol>
      <symbol id="sm-77e">
         <name>__TI_int52</name>
         <value>0xffe8</value>
         <object_component_ref idref="oc-84"/>
      </symbol>
      <symbol id="sm-781">
         <name>__TI_int53</name>
         <value>0xffea</value>
         <object_component_ref idref="oc-85"/>
      </symbol>
      <symbol id="sm-784">
         <name>__TI_int54</name>
         <value>0xffec</value>
         <object_component_ref idref="oc-86"/>
      </symbol>
      <symbol id="sm-787">
         <name>__TI_int55</name>
         <value>0xffee</value>
         <object_component_ref idref="oc-87"/>
      </symbol>
      <symbol id="sm-78a">
         <name>__TI_int56</name>
         <value>0xfff0</value>
         <object_component_ref idref="oc-88"/>
      </symbol>
      <symbol id="sm-78d">
         <name>__TI_int57</name>
         <value>0xfff2</value>
         <object_component_ref idref="oc-89"/>
      </symbol>
      <symbol id="sm-790">
         <name>__TI_int58</name>
         <value>0xfff4</value>
         <object_component_ref idref="oc-8a"/>
      </symbol>
      <symbol id="sm-793">
         <name>__TI_int59</name>
         <value>0xfff6</value>
         <object_component_ref idref="oc-8b"/>
      </symbol>
      <symbol id="sm-796">
         <name>__TI_int60</name>
         <value>0xfff8</value>
         <object_component_ref idref="oc-8c"/>
      </symbol>
      <symbol id="sm-799">
         <name>__TI_int61</name>
         <value>0xfffa</value>
         <object_component_ref idref="oc-8d"/>
      </symbol>
      <symbol id="sm-79c">
         <name>__TI_int62</name>
         <value>0xfffc</value>
         <object_component_ref idref="oc-8e"/>
      </symbol>
      <symbol id="sm-7a4">
         <name>__TI_ISR_TRAP</name>
         <value>0x44bc</value>
         <object_component_ref idref="oc-39c"/>
      </symbol>
      <symbol id="sm-7b4">
         <name>__mspabi_slll_9</name>
         <value>0x14466</value>
         <object_component_ref idref="oc-637"/>
      </symbol>
      <symbol id="sm-7b5">
         <name>__mspabi_slll_8</name>
         <value>0x1446a</value>
         <object_component_ref idref="oc-637"/>
      </symbol>
      <symbol id="sm-7b6">
         <name>__mspabi_slll_7</name>
         <value>0x1446e</value>
         <object_component_ref idref="oc-637"/>
      </symbol>
      <symbol id="sm-7b7">
         <name>__mspabi_slll_6</name>
         <value>0x14472</value>
         <object_component_ref idref="oc-637"/>
      </symbol>
      <symbol id="sm-7b8">
         <name>__mspabi_slll_5</name>
         <value>0x14476</value>
         <object_component_ref idref="oc-637"/>
      </symbol>
      <symbol id="sm-7b9">
         <name>__mspabi_slll_4</name>
         <value>0x1447a</value>
         <object_component_ref idref="oc-637"/>
      </symbol>
      <symbol id="sm-7ba">
         <name>__mspabi_slll_3</name>
         <value>0x1447e</value>
         <object_component_ref idref="oc-637"/>
      </symbol>
      <symbol id="sm-7bb">
         <name>__mspabi_slll_2</name>
         <value>0x14482</value>
         <object_component_ref idref="oc-637"/>
      </symbol>
      <symbol id="sm-7bc">
         <name>__mspabi_slll_1</name>
         <value>0x14486</value>
         <object_component_ref idref="oc-637"/>
      </symbol>
      <symbol id="sm-7bd">
         <name>__mspabi_slll</name>
         <value>0x14b0a</value>
         <object_component_ref idref="oc-55d"/>
      </symbol>
      <symbol id="sm-7be">
         <name>__mspabi_slll_15</name>
         <value>0x1444e</value>
         <object_component_ref idref="oc-637"/>
      </symbol>
      <symbol id="sm-7bf">
         <name>__mspabi_slll_14</name>
         <value>0x14452</value>
         <object_component_ref idref="oc-637"/>
      </symbol>
      <symbol id="sm-7c0">
         <name>__mspabi_slll_13</name>
         <value>0x14456</value>
         <object_component_ref idref="oc-637"/>
      </symbol>
      <symbol id="sm-7c1">
         <name>__mspabi_slll_12</name>
         <value>0x1445a</value>
         <object_component_ref idref="oc-637"/>
      </symbol>
      <symbol id="sm-7c2">
         <name>__mspabi_slll_11</name>
         <value>0x1445e</value>
         <object_component_ref idref="oc-637"/>
      </symbol>
      <symbol id="sm-7c3">
         <name>__mspabi_slll_10</name>
         <value>0x14462</value>
         <object_component_ref idref="oc-637"/>
      </symbol>
      <symbol id="sm-7d3">
         <name>__mspabi_srll_8</name>
         <value>0x144a8</value>
         <object_component_ref idref="oc-6f0"/>
      </symbol>
      <symbol id="sm-7d4">
         <name>__mspabi_srll_9</name>
         <value>0x144a4</value>
         <object_component_ref idref="oc-6f0"/>
      </symbol>
      <symbol id="sm-7d5">
         <name>__mspabi_srll_6</name>
         <value>0x144b0</value>
         <object_component_ref idref="oc-6f0"/>
      </symbol>
      <symbol id="sm-7d6">
         <name>__mspabi_srll_7</name>
         <value>0x144ac</value>
         <object_component_ref idref="oc-6f0"/>
      </symbol>
      <symbol id="sm-7d7">
         <name>__mspabi_srll_4</name>
         <value>0x144b8</value>
         <object_component_ref idref="oc-6f0"/>
      </symbol>
      <symbol id="sm-7d8">
         <name>__mspabi_srll_5</name>
         <value>0x144b4</value>
         <object_component_ref idref="oc-6f0"/>
      </symbol>
      <symbol id="sm-7d9">
         <name>__mspabi_srll_2</name>
         <value>0x144c0</value>
         <object_component_ref idref="oc-6f0"/>
      </symbol>
      <symbol id="sm-7da">
         <name>__mspabi_srll_3</name>
         <value>0x144bc</value>
         <object_component_ref idref="oc-6f0"/>
      </symbol>
      <symbol id="sm-7db">
         <name>__mspabi_srll_1</name>
         <value>0x144c4</value>
         <object_component_ref idref="oc-6f0"/>
      </symbol>
      <symbol id="sm-7dc">
         <name>__mspabi_srll_15</name>
         <value>0x1448c</value>
         <object_component_ref idref="oc-6f0"/>
      </symbol>
      <symbol id="sm-7dd">
         <name>__mspabi_srll_14</name>
         <value>0x14490</value>
         <object_component_ref idref="oc-6f0"/>
      </symbol>
      <symbol id="sm-7de">
         <name>__mspabi_srll_13</name>
         <value>0x14494</value>
         <object_component_ref idref="oc-6f0"/>
      </symbol>
      <symbol id="sm-7df">
         <name>__mspabi_srll_12</name>
         <value>0x14498</value>
         <object_component_ref idref="oc-6f0"/>
      </symbol>
      <symbol id="sm-7e0">
         <name>__mspabi_srll_11</name>
         <value>0x1449c</value>
         <object_component_ref idref="oc-6f0"/>
      </symbol>
      <symbol id="sm-7e1">
         <name>__mspabi_srll_10</name>
         <value>0x144a0</value>
         <object_component_ref idref="oc-6f0"/>
      </symbol>
      <symbol id="sm-7e2">
         <name>__mspabi_srll</name>
         <value>0x14b1a</value>
         <object_component_ref idref="oc-705"/>
      </symbol>
      <symbol id="sm-7eb">
         <name>__mspabi_mpyi_f5hw</name>
         <value>0x149e4</value>
         <object_component_ref idref="oc-622"/>
      </symbol>
      <symbol id="sm-7f4">
         <name>__mspabi_mpyl_f5hw</name>
         <value>0x148ea</value>
         <object_component_ref idref="oc-6fc"/>
      </symbol>
      <symbol id="sm-806">
         <name>_stack</name>
         <value>0x4360</value>
         <object_component_ref idref="oc-37d"/>
      </symbol>
      <symbol id="sm-807">
         <name>_c_int00_noargs</name>
         <value>0x44a0</value>
         <object_component_ref idref="oc-3b9"/>
      </symbol>
      <symbol id="sm-808">
         <name>_reset_vector</name>
         <value>0xfffe</value>
         <object_component_ref idref="oc-380"/>
      </symbol>
      <symbol id="sm-82b">
         <name>__TI_auto_init_nobinit_nopinit_hold_wdt</name>
         <value>0x14028</value>
         <object_component_ref idref="oc-4a2"/>
      </symbol>
      <symbol id="sm-83e">
         <name>__TI_zero_init_nomemset</name>
         <value>0x148c6</value>
         <object_component_ref idref="oc-3a7"/>
      </symbol>
      <symbol id="sm-84d">
         <name>__TI_dtors_ptr</name>
         <value>0x25de</value>
         <object_component_ref idref="oc-519"/>
      </symbol>
      <symbol id="sm-84e">
         <name>__TI_cleanup_ptr</name>
         <value>0x25da</value>
         <object_component_ref idref="oc-51c"/>
      </symbol>
      <symbol id="sm-85a">
         <name>_system_pre_init</name>
         <value>0x14b6e</value>
         <object_component_ref idref="oc-408"/>
      </symbol>
      <symbol id="sm-863">
         <name>_system_post_cinit</name>
         <value>0x14b74</value>
         <object_component_ref idref="oc-521"/>
      </symbol>
      <symbol id="sm-874">
         <name>__TI_decompress_none</name>
         <value>0x14aa4</value>
         <object_component_ref idref="oc-73"/>
      </symbol>
      <symbol id="sm-897">
         <name>__TI_decompress_lzss</name>
         <value>0x138e4</value>
         <object_component_ref idref="oc-6d"/>
      </symbol>
      <symbol id="sm-8be">
         <name>__mspabi_addd</name>
         <value>0x119b6</value>
         <object_component_ref idref="oc-744"/>
      </symbol>
      <symbol id="sm-8d8">
         <name>__mspabi_cmpd</name>
         <value>0x132a8</value>
         <object_component_ref idref="oc-779"/>
      </symbol>
      <symbol id="sm-8eb">
         <name>__mspabi_cvtfd</name>
         <value>0x13ebc</value>
         <object_component_ref idref="oc-6d1"/>
      </symbol>
      <symbol id="sm-90c">
         <name>__mspabi_divd</name>
         <value>0x126a2</value>
         <object_component_ref idref="oc-74f"/>
      </symbol>
      <symbol id="sm-919">
         <name>__mspabi_fixdi</name>
         <value>0x1489e</value>
         <object_component_ref idref="oc-589"/>
      </symbol>
      <symbol id="sm-928">
         <name>__mspabi_fixdli</name>
         <value>0x13cca</value>
         <object_component_ref idref="oc-662"/>
      </symbol>
      <symbol id="sm-938">
         <name>__mspabi_fixdul</name>
         <value>0x13c62</value>
         <object_component_ref idref="oc-6dd"/>
      </symbol>
      <symbol id="sm-950">
         <name>__mspabi_fltlid</name>
         <value>0x13584</value>
         <object_component_ref idref="oc-76d"/>
      </symbol>
      <symbol id="sm-959">
         <name>__mspabi_fltud</name>
         <value>0x14b58</value>
         <object_component_ref idref="oc-57d"/>
      </symbol>
      <symbol id="sm-96e">
         <name>__mspabi_fltuld</name>
         <value>0x137e6</value>
         <object_component_ref idref="oc-64e"/>
      </symbol>
      <symbol id="sm-98f">
         <name>__TI_frcaddd</name>
         <value>0x1245a</value>
         <object_component_ref idref="oc-7dc"/>
      </symbol>
      <symbol id="sm-9aa">
         <name>__TI_frcdivd</name>
         <value>0x11148</value>
         <object_component_ref idref="oc-7e5"/>
      </symbol>
      <symbol id="sm-9cb">
         <name>__mspabi_mpyd</name>
         <value>0x121f4</value>
         <object_component_ref idref="oc-583"/>
      </symbol>
      <symbol id="sm-9d4">
         <name>__mspabi_negd</name>
         <value>0x14714</value>
         <object_component_ref idref="oc-75b"/>
      </symbol>
      <symbol id="sm-9e8">
         <name>__TI_renormd</name>
         <value>0x13432</value>
         <object_component_ref idref="oc-869"/>
      </symbol>
      <symbol id="sm-9f1">
         <name>__mspabi_subd</name>
         <value>0x14680</value>
         <object_component_ref idref="oc-767"/>
      </symbol>
      <symbol id="sm-a0e">
         <name>C$$EXIT</name>
         <value>0x14b64</value>
         <object_component_ref idref="oc-47e"/>
      </symbol>
      <symbol id="sm-a0f">
         <name>abort</name>
         <value>0x14b64</value>
         <object_component_ref idref="oc-47e"/>
      </symbol>
      <symbol id="sm-a10">
         <name>__TI_enable_exit_profile_output</name>
         <value>0x25ee</value>
         <object_component_ref idref="oc-516"/>
      </symbol>
      <symbol id="sm-a11">
         <name>exit</name>
         <value>0x140ca</value>
         <object_component_ref idref="oc-484"/>
      </symbol>
      <symbol id="sm-a27">
         <name>_nop</name>
         <value>0x14b72</value>
         <object_component_ref idref="oc-5ca"/>
      </symbol>
      <symbol id="sm-a28">
         <name>_lock</name>
         <value>0x25e2</value>
         <object_component_ref idref="oc-4f8"/>
      </symbol>
      <symbol id="sm-a29">
         <name>_unlock</name>
         <value>0x25e6</value>
         <object_component_ref idref="oc-510"/>
      </symbol>
      <symbol id="sm-a3a">
         <name>__TI_tmpnams</name>
         <value>0x25f2</value>
      </symbol>
      <symbol id="sm-a3b">
         <name>_ftable</name>
         <value>0x2400</value>
         <object_component_ref idref="oc-4fb"/>
      </symbol>
      <symbol id="sm-a3c">
         <name>__TI_ft_end</name>
         <value>0x25ea</value>
         <object_component_ref idref="oc-835"/>
      </symbol>
      <symbol id="sm-a4b">
         <name>memccpy</name>
         <value>0x14974</value>
         <object_component_ref idref="oc-6b0"/>
      </symbol>
      <symbol id="sm-a5a">
         <name>memchr</name>
         <value>0x14a28</value>
         <object_component_ref idref="oc-691"/>
      </symbol>
      <symbol id="sm-a68">
         <name>memcpy</name>
         <value>0x14a7e</value>
         <object_component_ref idref="oc-38f"/>
      </symbol>
      <symbol id="sm-ae5">
         <name>_sys_memory</name>
         <value>0x28b0</value>
         <object_component_ref idref="oc-381"/>
      </symbol>
      <symbol id="sm-ae6">
         <name>free</name>
         <value>0x131ce</value>
         <object_component_ref idref="oc-7a9"/>
      </symbol>
      <symbol id="sm-ae7">
         <name>memalign</name>
         <value>0x12d42</value>
         <object_component_ref idref="oc-828"/>
      </symbol>
      <symbol id="sm-ae8">
         <name>malloc</name>
         <value>0x14b50</value>
         <object_component_ref idref="oc-7af"/>
      </symbol>
      <symbol id="sm-ae9">
         <name>aligned_alloc</name>
         <value>0x12d42</value>
         <object_component_ref idref="oc-828"/>
      </symbol>
      <symbol id="sm-af7">
         <name>memset</name>
         <value>0x14a3e</value>
         <object_component_ref idref="oc-63e"/>
      </symbol>
      <symbol id="sm-b04">
         <name>strlen</name>
         <value>0x14b38</value>
         <object_component_ref idref="oc-5e5"/>
      </symbol>
      <symbol id="sm-b0b">
         <name>errno</name>
         <value>0x25ec</value>
         <object_component_ref idref="oc-761"/>
      </symbol>
      <symbol id="sm-b23">
         <name>write</name>
         <value>0x14508</value>
         <object_component_ref idref="oc-69d"/>
      </symbol>
      <symbol id="sm-b32">
         <name>_stream</name>
         <value>0x2540</value>
         <object_component_ref idref="oc-728"/>
      </symbol>
      <symbol id="sm-b33">
         <name>_device</name>
         <value>0x24c8</value>
         <object_component_ref idref="oc-7c8"/>
      </symbol>
      <symbol id="sm-b44">
         <name>__TI_doflush</name>
         <value>0x13d96</value>
         <object_component_ref idref="oc-697"/>
      </symbol>
      <symbol id="sm-b50">
         <name>__TI_cleanup</name>
         <value>0x14544</value>
         <object_component_ref idref="oc-7b5"/>
      </symbol>
      <symbol id="sm-b60">
         <name>fseek</name>
         <value>0x13bf8</value>
         <object_component_ref idref="oc-716"/>
      </symbol>
      <symbol id="sm-b71">
         <name>__TI_frcmpyd</name>
         <value>0x11f74</value>
         <object_component_ref idref="oc-655"/>
      </symbol>
      <symbol id="sm-b7d">
         <name>HOSTclose</name>
         <value>0x1407c</value>
         <object_component_ref idref="oc-841"/>
      </symbol>
      <symbol id="sm-b89">
         <name>HOSTlseek</name>
         <value>0x13622</value>
         <object_component_ref idref="oc-853"/>
      </symbol>
      <symbol id="sm-b97">
         <name>parmbuf</name>
         <value>0x2782</value>
      </symbol>
      <symbol id="sm-b98">
         <name>HOSTopen</name>
         <value>0x13a42</value>
         <object_component_ref idref="oc-83b"/>
      </symbol>
      <symbol id="sm-ba5">
         <name>HOSTread</name>
         <value>0x13b8e</value>
         <object_component_ref idref="oc-847"/>
      </symbol>
      <symbol id="sm-bb1">
         <name>HOSTrename</name>
         <value>0x1395a</value>
         <object_component_ref idref="oc-85f"/>
      </symbol>
      <symbol id="sm-bbd">
         <name>HOSTunlink</name>
         <value>0x142c6</value>
         <object_component_ref idref="oc-859"/>
      </symbol>
      <symbol id="sm-bca">
         <name>HOSTwrite</name>
         <value>0x13b22</value>
         <object_component_ref idref="oc-84d"/>
      </symbol>
      <symbol id="sm-be8">
         <name>__TI_readmsg</name>
         <value>0x1464e</value>
         <object_component_ref idref="oc-8aa"/>
      </symbol>
      <symbol id="sm-be9">
         <name>C$$IO$$</name>
         <value>0x145ac</value>
         <object_component_ref idref="oc-8a4"/>
      </symbol>
      <symbol id="sm-bea">
         <name>_CIOBUF_</name>
         <value>0x278e</value>
         <object_component_ref idref="oc-8dc"/>
      </symbol>
      <symbol id="sm-beb">
         <name>__TI_writemsg</name>
         <value>0x1457a</value>
         <object_component_ref idref="oc-8a4"/>
      </symbol>
      <symbol id="sm-bfa">
         <name>lseek</name>
         <value>0x144ca</value>
         <object_component_ref idref="oc-7a1"/>
      </symbol>
      <symbol id="sm-c0b">
         <name>__TI_closefile</name>
         <value>0x139ce</value>
         <object_component_ref idref="oc-82f"/>
      </symbol>
      <symbol id="sm-c2a">
         <name>finddevice</name>
         <value>0x14770</value>
         <object_component_ref idref="oc-900"/>
      </symbol>
      <symbol id="sm-c2b">
         <name>getdevice</name>
         <value>0x13fce</value>
         <object_component_ref idref="oc-8d0"/>
      </symbol>
      <symbol id="sm-c3a">
         <name>strchr</name>
         <value>0x14992</value>
         <object_component_ref idref="oc-8f4"/>
      </symbol>
      <symbol id="sm-c48">
         <name>strcmp</name>
         <value>0x149ae</value>
         <object_component_ref idref="oc-919"/>
      </symbol>
      <symbol id="sm-c55">
         <name>strcpy</name>
         <value>0x14ac8</value>
         <object_component_ref idref="oc-8bb"/>
      </symbol>
      <symbol id="sm-c65">
         <name>strncpy</name>
         <value>0x146b2</value>
         <object_component_ref idref="oc-8fa"/>
      </symbol>
      <symbol id="sm-c78">
         <name>close</name>
         <value>0x13f74</value>
         <object_component_ref idref="oc-890"/>
      </symbol>
      <symbol id="sm-c84">
         <name>unlink</name>
         <value>0x146e4</value>
         <object_component_ref idref="oc-897"/>
      </symbol>
      <symbol id="sm-c86">
         <name>remove</name>
         <value>0x146e4</value>
      </symbol>
   </symbol_table>
   <title>Link successful</title>
</link_info>
