******************************************************************************
                  MSP430 Linker PC v18.12.1                    
******************************************************************************
>> Linked Sat Jun 22 01:19:00 2019

OUTPUT FILE NAME:   <bch-aes-msp430f5529.out>
ENTRY POINT SYMBOL: "_c_int00_noargs"  address: 000044a0


MEMORY CONFIGURATION

         name            origin    length      used     unused   attr    fill
----------------------  --------  ---------  --------  --------  ----  --------
  SFR                   00000000   00000010  00000000  00000010  RWIX
  PERIPHERALS_8BIT      00000010   000000f0  00000000  000000f0  RWIX
  PERIPHERALS_16BIT     00000100   00000100  00000000  00000100  RWIX
  INFOD                 00001800   00000080  00000000  00000080  RWIX
  INFOC                 00001880   00000080  00000000  00000080  RWIX
  INFOB                 00001900   00000080  00000000  00000080  RWIX
  INFOA                 00001980   00000080  00000000  00000080  RWIX
  USBRAM                00001c00   00000800  00000000  00000800  RWIX
  RAM                   00002400   00002000  000005ee  00001a12  RWIX
  FLASH                 00004400   0000bb80  000003e4  0000b79c  RWIX
  INT00                 0000ff80   00000002  00000000  00000002  RWIX
  INT01                 0000ff82   00000002  00000000  00000002  RWIX
  INT02                 0000ff84   00000002  00000000  00000002  RWIX
  INT03                 0000ff86   00000002  00000000  00000002  RWIX
  INT04                 0000ff88   00000002  00000000  00000002  RWIX
  INT05                 0000ff8a   00000002  00000000  00000002  RWIX
  INT06                 0000ff8c   00000002  00000000  00000002  RWIX
  INT07                 0000ff8e   00000002  00000000  00000002  RWIX
  INT08                 0000ff90   00000002  00000000  00000002  RWIX
  INT09                 0000ff92   00000002  00000000  00000002  RWIX
  INT10                 0000ff94   00000002  00000000  00000002  RWIX
  INT11                 0000ff96   00000002  00000000  00000002  RWIX
  INT12                 0000ff98   00000002  00000000  00000002  RWIX
  INT13                 0000ff9a   00000002  00000000  00000002  RWIX
  INT14                 0000ff9c   00000002  00000000  00000002  RWIX
  INT15                 0000ff9e   00000002  00000000  00000002  RWIX
  INT16                 0000ffa0   00000002  00000000  00000002  RWIX
  INT17                 0000ffa2   00000002  00000000  00000002  RWIX
  INT18                 0000ffa4   00000002  00000000  00000002  RWIX
  INT19                 0000ffa6   00000002  00000000  00000002  RWIX
  INT20                 0000ffa8   00000002  00000000  00000002  RWIX
  INT21                 0000ffaa   00000002  00000000  00000002  RWIX
  INT22                 0000ffac   00000002  00000000  00000002  RWIX
  INT23                 0000ffae   00000002  00000000  00000002  RWIX
  INT24                 0000ffb0   00000002  00000000  00000002  RWIX
  INT25                 0000ffb2   00000002  00000000  00000002  RWIX
  INT26                 0000ffb4   00000002  00000000  00000002  RWIX
  INT27                 0000ffb6   00000002  00000000  00000002  RWIX
  INT28                 0000ffb8   00000002  00000000  00000002  RWIX
  INT29                 0000ffba   00000002  00000000  00000002  RWIX
  INT30                 0000ffbc   00000002  00000000  00000002  RWIX
  INT31                 0000ffbe   00000002  00000000  00000002  RWIX
  INT32                 0000ffc0   00000002  00000000  00000002  RWIX
  INT33                 0000ffc2   00000002  00000000  00000002  RWIX
  INT34                 0000ffc4   00000002  00000000  00000002  RWIX
  INT35                 0000ffc6   00000002  00000000  00000002  RWIX
  INT36                 0000ffc8   00000002  00000000  00000002  RWIX
  INT37                 0000ffca   00000002  00000000  00000002  RWIX
  INT38                 0000ffcc   00000002  00000000  00000002  RWIX
  INT39                 0000ffce   00000002  00000000  00000002  RWIX
  INT40                 0000ffd0   00000002  00000000  00000002  RWIX
  INT41                 0000ffd2   00000002  00000002  00000000  RWIX
  INT42                 0000ffd4   00000002  00000002  00000000  RWIX
  INT43                 0000ffd6   00000002  00000002  00000000  RWIX
  INT44                 0000ffd8   00000002  00000002  00000000  RWIX
  INT45                 0000ffda   00000002  00000002  00000000  RWIX
  INT46                 0000ffdc   00000002  00000002  00000000  RWIX
  INT47                 0000ffde   00000002  00000002  00000000  RWIX
  INT48                 0000ffe0   00000002  00000002  00000000  RWIX
  INT49                 0000ffe2   00000002  00000002  00000000  RWIX
  INT50                 0000ffe4   00000002  00000002  00000000  RWIX
  INT51                 0000ffe6   00000002  00000002  00000000  RWIX
  INT52                 0000ffe8   00000002  00000002  00000000  RWIX
  INT53                 0000ffea   00000002  00000002  00000000  RWIX
  INT54                 0000ffec   00000002  00000002  00000000  RWIX
  INT55                 0000ffee   00000002  00000002  00000000  RWIX
  INT56                 0000fff0   00000002  00000002  00000000  RWIX
  INT57                 0000fff2   00000002  00000002  00000000  RWIX
  INT58                 0000fff4   00000002  00000002  00000000  RWIX
  INT59                 0000fff6   00000002  00000002  00000000  RWIX
  INT60                 0000fff8   00000002  00000002  00000000  RWIX
  INT61                 0000fffa   00000002  00000002  00000000  RWIX
  INT62                 0000fffc   00000002  00000002  00000000  RWIX
  RESET                 0000fffe   00000002  00000002  00000000  RWIX
  FLASH2                00010000   00014400  00004b76  0000f88a  RWIX


SECTION ALLOCATION MAP

 output                                  attributes/
section   page    origin      length       input sections
--------  ----  ----------  ----------   ----------------
.data      0    00002400    000001f2     UNINITIALIZED
                  00002400    000000c8     rts430x_lc_rd_eabi.lib : defs.c.obj (.data:_ftable)
                  000024c8    00000078                            : host_device.c.obj (.data:_device)
                  00002540    0000003c                            : host_device.c.obj (.data:_stream)
                  0000257c    00000020     bch_31_16_3.obj (.data:lookup)
                  0000259c    00000020     bch_31_16_3.obj (.data:reverseLookup)
                  000025bc    00000016     bch_31_16_3.obj (.data)
                  000025d2    00000007     main.obj (.data)
                  000025d9    00000001     --HOLE--
                  000025da    00000004     rts430x_lc_rd_eabi.lib : exit_gvars.c.obj (.data:__TI_cleanup_ptr)
                  000025de    00000004                            : exit_gvars.c.obj (.data:__TI_dtors_ptr)
                  000025e2    00000004                            : _lock.c.obj (.data:_lock)
                  000025e6    00000004                            : _lock.c.obj (.data:_unlock)
                  000025ea    00000002                            : defs.c.obj (.data)
                  000025ec    00000002                            : errno.c.obj (.data)
                  000025ee    00000002                            : exit.c.obj (.data)
                  000025f0    00000002                            : memory.c.obj (.data)

.bss       0    000025f2    0000019c     UNINITIALIZED
                  000025f2    000000a0     (.common:__TI_tmpnams)
                  00002692    00000080     (.common:buffer)
                  00002712    00000040     (.common:buffer_tmp)
                  00002752    00000020     bch_31_16_3.obj (.bss:EncBuffer)
                  00002772    00000010     (.common:key_1)
                  00002782    00000008     (.common:parmbuf)
                  0000278a    00000004     rts430x_lc_rd_eabi.lib : memory.c.obj (.bss)

.cio       0    0000278e    00000120     UNINITIALIZED
                  0000278e    00000120     rts430x_lc_rd_eabi.lib : trgmsg.c.obj (.cio)

.sysmem    0    000028b0    000000a0     UNINITIALIZED
                  000028b0    00000008     rts430x_lc_rd_eabi.lib : memory.c.obj (.sysmem)
                  000028b8    00000098     --HOLE--

.stack     0    00004360    000000a0     UNINITIALIZED
                  00004360    00000004     rts430x_lc_rd_eabi.lib : boot.c.obj (.stack)
                  00004364    0000009c     --HOLE--

.text:_isr 
*          0    00004400    000000c4     
                  00004400    000000a0     main.obj (.text:_isr:USCI_A1_ISR)
                  000044a0    0000001c     rts430x_lc_rd_eabi.lib : boot.c.obj (.text:_isr:_c_int00_noargs)
                  000044bc    00000008                            : isr_trap.asm.obj (.text:_isr:__TI_ISR_TRAP)

.cinit     0    00004718    000000cc     
                  00004718    000000aa     (.cinit..data.load) [load image, compression = lzss]
                  000047c2    0000000c     (__TI_handler_table)
                  000047ce    00000006     (.cinit..bss.load) [load image, compression = zero_init]
                  000047d4    00000010     (__TI_cinit_table)

.binit     0    00004400    00000000     

.init_array 
*          0    00004400    00000000     UNINITIALIZED

.const     0    000044c4    00000254     
                  000044c4    00000100     TI_aes_128.obj (.const:.string:rsbox)
                  000045c4    00000100     TI_aes_128.obj (.const:.string:sbox)
                  000046c4    00000014     rts430x_lc_rd_eabi.lib : _printfi_min.c.obj (.const:.string)
                  000046d8    00000010                            : e_pow.c.obj (.const:bp)
                  000046e8    00000010                            : e_pow.c.obj (.const:dp_h)
                  000046f8    00000010                            : e_pow.c.obj (.const:dp_l)
                  00004708    0000000a     TI_aes_128.obj (.const:.string:Rcon)
                  00004712    00000006     main.obj (.const:.string)

RTC        0    0000ffd2    00000002     
                  0000ffd2    00000002     rts430x_lc_rd_eabi.lib : int41.asm.obj (.int41)

PORT2      0    0000ffd4    00000002     
                  0000ffd4    00000002     rts430x_lc_rd_eabi.lib : int42.asm.obj (.int42)

TIMER2_A1 
*          0    0000ffd6    00000002     
                  0000ffd6    00000002     rts430x_lc_rd_eabi.lib : int43.asm.obj (.int43)

TIMER2_A0 
*          0    0000ffd8    00000002     
                  0000ffd8    00000002     rts430x_lc_rd_eabi.lib : int44.asm.obj (.int44)

USCI_B1    0    0000ffda    00000002     
                  0000ffda    00000002     rts430x_lc_rd_eabi.lib : int45.asm.obj (.int45)

USCI_A1    0    0000ffdc    00000002     
                  0000ffdc    00000002     main.obj (.int46)

PORT1      0    0000ffde    00000002     
                  0000ffde    00000002     rts430x_lc_rd_eabi.lib : int47.asm.obj (.int47)

TIMER1_A1 
*          0    0000ffe0    00000002     
                  0000ffe0    00000002     rts430x_lc_rd_eabi.lib : int48.asm.obj (.int48)

TIMER1_A0 
*          0    0000ffe2    00000002     
                  0000ffe2    00000002     rts430x_lc_rd_eabi.lib : int49.asm.obj (.int49)

DMA        0    0000ffe4    00000002     
                  0000ffe4    00000002     rts430x_lc_rd_eabi.lib : int50.asm.obj (.int50)

USB_UBM    0    0000ffe6    00000002     
                  0000ffe6    00000002     rts430x_lc_rd_eabi.lib : int51.asm.obj (.int51)

TIMER0_A1 
*          0    0000ffe8    00000002     
                  0000ffe8    00000002     rts430x_lc_rd_eabi.lib : int52.asm.obj (.int52)

TIMER0_A0 
*          0    0000ffea    00000002     
                  0000ffea    00000002     rts430x_lc_rd_eabi.lib : int53.asm.obj (.int53)

ADC12      0    0000ffec    00000002     
                  0000ffec    00000002     rts430x_lc_rd_eabi.lib : int54.asm.obj (.int54)

USCI_B0    0    0000ffee    00000002     
                  0000ffee    00000002     rts430x_lc_rd_eabi.lib : int55.asm.obj (.int55)

USCI_A0    0    0000fff0    00000002     
                  0000fff0    00000002     rts430x_lc_rd_eabi.lib : int56.asm.obj (.int56)

WDT        0    0000fff2    00000002     
                  0000fff2    00000002     rts430x_lc_rd_eabi.lib : int57.asm.obj (.int57)

TIMER0_B1 
*          0    0000fff4    00000002     
                  0000fff4    00000002     rts430x_lc_rd_eabi.lib : int58.asm.obj (.int58)

TIMER0_B0 
*          0    0000fff6    00000002     
                  0000fff6    00000002     rts430x_lc_rd_eabi.lib : int59.asm.obj (.int59)

COMP_B     0    0000fff8    00000002     
                  0000fff8    00000002     rts430x_lc_rd_eabi.lib : int60.asm.obj (.int60)

UNMI       0    0000fffa    00000002     
                  0000fffa    00000002     rts430x_lc_rd_eabi.lib : int61.asm.obj (.int61)

SYSNMI     0    0000fffc    00000002     
                  0000fffc    00000002     rts430x_lc_rd_eabi.lib : int62.asm.obj (.int62)

.reset     0    0000fffe    00000002     
                  0000fffe    00000002     rts430x_lc_rd_eabi.lib : boot.c.obj (.reset)

.text      0    00010000    00004b76     
                  00010000    00001148     rts430x_lc_rd_eabi.lib : e_pow.c.obj (.text:pow)
                  00011148    00000466                            : frcdivd.c.obj (.text:__TI_frcdivd)
                  000115ae    00000408     TI_aes_128.obj (.text:aes_enc_dec)
                  000119b6    000002e0     rts430x_lc_rd_eabi.lib : addd.c.obj (.text:__mspabi_addd)
                  00011c96    000002de                            : e_sqrt.c.obj (.text:sqrt)
                  00011f74    00000280                            : frcmpyd.c.obj (.text:__TI_frcmpyd)
                  000121f4    00000266                            : mpyd.c.obj (.text:__mspabi_mpyd)
                  0001245a    00000248                            : frcaddd.c.obj (.text:__TI_frcaddd)
                  000126a2    00000222                            : divd.c.obj (.text:__mspabi_divd)
                  000128c4    000001f2     bch_31_16_3.obj (.text:decoder_bch)
                  00012ab6    0000015a     rts430x_lc_rd_eabi.lib : s_scalbn.c.obj (.text:scalbn)
                  00012c10    00000132                            : _printfi_min.c.obj (.text:_setfield)
                  00012d42    00000108                            : memory.c.obj (.text:aligned_alloc)
                  00012e4a    000000f0                            : fputs.c.obj (.text:fputs)
                  00012f3a    000000de                            : setvbuf.c.obj (.text:setvbuf)
                  00013018    000000dc                            : _printfi_min.c.obj (.text:__TI_printfi_minimal)
                  000130f4    000000da                            : _printfi_min.c.obj (.text:_pproc_diouxp)
                  000131ce    000000da                            : memory.c.obj (.text:free)
                  000132a8    000000d8                            : cmpd.c.obj (.text:__mspabi_cmpd)
                  00013380    000000b2     bch_31_16_3.obj (.text:GF2Divide)
                  00013432    000000b2     rts430x_lc_rd_eabi.lib : renormd.c.obj (.text:__TI_renormd)
                  000134e4    000000a0     bch_31_16_3.obj (.text:GF32Multiply)
                  00013584    0000009e     rts430x_lc_rd_eabi.lib : fltlid.c.obj (.text:__mspabi_fltlid)
                  00013622    0000009a                            : hostlseek.c.obj (.text:HOSTlseek)
                  000136bc    0000009a     main.obj (.text:main)
                  00013756    00000090     rts430x_lc_rd_eabi.lib : fputc.c.obj (.text:fputc)
                  000137e6    00000080                            : fltuld.c.obj (.text:__mspabi_fltuld)
                  00013866    0000007e                            : _io_perm.c.obj (.text:__TI_wrt_ok)
                  000138e4    00000076                            : copy_decompress_lzss.c.obj (.text:decompress:lzss:__TI_decompress_lzss)
                  0001395a    00000074                            : hostrename.c.obj (.text:HOSTrename)
                  000139ce    00000074                            : fclose.c.obj (.text:__TI_closefile)
                  00013a42    00000070                            : hostopen.c.obj (.text:HOSTopen)
                  00013ab2    00000070                            : memory.c.obj (.text:split)
                  00013b22    0000006c                            : hostwrite.c.obj (.text:HOSTwrite)
                  00013b8e    0000006a                            : hostread.c.obj (.text:HOSTread)
                  00013bf8    0000006a                            : fseek.c.obj (.text:fseek)
                  00013c62    00000068                            : fixdul.c.obj (.text:__mspabi_fixdul)
                  00013cca    00000066                            : fixdli.c.obj (.text:__mspabi_fixdli)
                  00013d30    00000066     bch_31_16_3.obj (.text:bch_buffer_decoder)
                  00013d96    00000064     rts430x_lc_rd_eabi.lib : fflush.c.obj (.text:__TI_doflush)
                  00013dfa    00000064     bch_31_16_3.obj (.text:encoder_bch)
                  00013e5e    0000005e     bch_31_16_3.obj (.text:error_module)
                  00013ebc    0000005c     rts430x_lc_rd_eabi.lib : cvtfd.c.obj (.text:__mspabi_cvtfd)
                  00013f18    0000005c     bch_31_16_3.obj (.text:bch_buffer_encoder)
                  00013f74    0000005a     rts430x_lc_rd_eabi.lib : close.c.obj (.text:close)
                  00013fce    0000005a                            : getdevice.c.obj (.text:getdevice)
                  00014028    00000054                            : autoinit.c.obj (.text:__TI_auto_init_nobinit_nopinit_hold_wdt:__TI_auto_init_nobinit_nopinit_hold_wdt)
                  0001407c    0000004e                            : hostclose.c.obj (.text:HOSTclose)
                  000140ca    0000004a                            : exit.c.obj (.text:exit)
                  00014114    0000004a                            : printf.c.obj (.text:printf)
                  0001415e    00000048     bch_31_16_3.obj (.text:LFSRs)
                  000141a6    00000048     rts430x_lc_rd_eabi.lib : _printfi_min.c.obj (.text:_pproc_str)
                  000141ee    00000048     bch_31_16_3.obj (.text:bytes_2_bits)
                  00014236    00000048     memory_local.obj (.text:write_key_to_flash)
                  0001427e    00000048     memory_local.obj (.text:write_to_flash)
                  000142c6    00000046     rts430x_lc_rd_eabi.lib : hostunlink.c.obj (.text:HOSTunlink)
                  0001430c    00000044     cipher.obj (.text:aes_enc_dec_buffer)
                  00014350    00000042     bch_31_16_3.obj (.text:GF2Mod)
                  00014392    00000040     bch_31_16_3.obj (.text:GF32Evaluate)
                  000143d2    0000003e     bch_31_16_3.obj (.text:GF2Multiply)
                  00014410    0000003e     rts430x_lc_rd_eabi.lib : asr32.asm.obj (.text:l_asr_const)
                  0001444e    0000003e                            : lsl32.asm.obj (.text:l_lsl_const)
                  0001448c    0000003e                            : lsr32.asm.obj (.text:l_lsr_const)
                  000144ca    0000003e                            : lseek.c.obj (.text:lseek)
                  00014508    0000003c                            : write.c.obj (.text:write)
                  00014544    00000036                            : fopen.c.obj (.text:__TI_cleanup)
                  0001457a    00000036                            : trgmsg.c.obj (.text:__TI_writemsg)
                  000145b0    00000036     bch_31_16_3.obj (.text:multiply_constant)
                  000145e6    00000036     rts430x_lc_rd_eabi.lib : fs_itof.asm.obj (.text)
                  0001461c    00000032     bch_31_16_3.obj (.text:GF32Add)
                  0001464e    00000032     rts430x_lc_rd_eabi.lib : trgmsg.c.obj (.text:__TI_readmsg)
                  00014680    00000032                            : subd.c.obj (.text:__mspabi_subd)
                  000146b2    00000032                            : strncpy.c.obj (.text:strncpy)
                  000146e4    00000030                            : unlink.c.obj (.text:unlink)
                  00014714    0000002e                            : negd.c.obj (.text:__mspabi_negd)
                  00014742    0000002e                            : s_copysign.c.obj (.text:copysign)
                  00014770    0000002e                            : getdevice.c.obj (.text:finddevice)
                  0001479e    0000002c     bch_31_16_3.obj (.text:bits_2_bytes)
                  000147ca    0000002c     rts430x_lc_rd_eabi.lib : memory.c.obj (.text:free_list_insert)
                  000147f6    0000002c                            : div16s.asm.obj (.text)
                  00014822    0000002a                            : memory.c.obj (.text:free_list_remove)
                  0001484c    0000002a     bch_31_16_3.obj (.text:multiply_x)
                  00014876    00000028     bch_31_16_3.obj (.text:GF2FindDegree)
                  0001489e    00000028     rts430x_lc_rd_eabi.lib : fixdi.c.obj (.text:__mspabi_fixdi)
                  000148c6    00000024                            : copy_zero_init.c.obj (.text:decompress:ZI:__TI_zero_init_nomemset:__TI_zero_init_nomemset)
                  000148ea    00000024                            : mult32_f5hw.asm.obj (.text)
                  0001490e    00000024     uart_msp430f5529.obj (.text:uart_init)
                  00014932    00000022     memory_local.obj (.text:read_from_flash)
                  00014954    00000020     bch_31_16_3.obj (.text:correct_errors)
                  00014974    0000001e     rts430x_lc_rd_eabi.lib : memccpy.c.obj (.text:memccpy)
                  00014992    0000001c                            : strchr.c.obj (.text:strchr)
                  000149ae    0000001c                            : strcmp.c.obj (.text:strcmp)
                  000149ca    0000001a     bch_31_16_3.obj (.text:GF32Init)
                  000149e4    00000018     rts430x_lc_rd_eabi.lib : mult16_f5hw.asm.obj (.text)
                  000149fc    00000016     bch_31_16_3.obj (.text:getBit)
                  00014a12    00000016     rts430x_lc_rd_eabi.lib : memory.c.obj (.text:heap_start)
                  00014a28    00000016                            : memchr.c.obj (.text:memchr)
                  00014a3e    00000016                            : memset.c.obj (.text:memset)
                  00014a54    00000016                            : div16u.asm.obj (.text)
                  00014a6a    00000014     bch_31_16_3.obj (.text:de_concate)
                  00014a7e    00000014     rts430x_lc_rd_eabi.lib : memcpy.c.obj (.text:memcpy)
                  00014a92    00000012     bch_31_16_3.obj (.text:GF32add2alpha)
                  00014aa4    00000012     rts430x_lc_rd_eabi.lib : copy_decompress_none.c.obj (.text:decompress:none:__TI_decompress_none)
                  00014ab6    00000012     TI_aes_128.obj (.text:galois_mul2)
                  00014ac8    00000012     rts430x_lc_rd_eabi.lib : strcpy.c.obj (.text:strcpy)
                  00014ada    00000010     bch_31_16_3.obj (.text:GF32FindDegree)
                  00014aea    00000010     bch_31_16_3.obj (.text:concate)
                  00014afa    00000010     rts430x_lc_rd_eabi.lib : asr32.asm.obj (.text:l_asr)
                  00014b0a    00000010                            : lsl32.asm.obj (.text:l_lsl)
                  00014b1a    00000010                            : lsr32.asm.obj (.text:l_lsr)
                  00014b2a    0000000e     bch_31_16_3.obj (.text:rand_local)
                  00014b38    0000000e     rts430x_lc_rd_eabi.lib : strlen.c.obj (.text:strlen)
                  00014b46    0000000a     bch_31_16_3.obj (.text:GF2Add)
                  00014b50    00000008     rts430x_lc_rd_eabi.lib : memory.c.obj (.text:malloc)
                  00014b58    00000006                            : fltud.c.obj (.text:__mspabi_fltud)
                  00014b5e    00000006                            : printf.c.obj (.text:_outc)
                  00014b64    00000006                            : exit.c.obj (.text:abort)
                  00014b6a    00000004                            : printf.c.obj (.text:_outs)
                  00014b6e    00000004                            : pre_init.c.obj (.text:_system_pre_init)
                  00014b72    00000002                            : _lock.c.obj (.text:_nop)
                  00014b74    00000002                            : startup.c.obj (.text:_system_post_cinit)

MODULE SUMMARY

       Module                       code    ro data   rw data
       ------                       ----    -------   -------
    .\
       main.obj                     314     8         7      
    +--+----------------------------+-------+---------+---------+
       Total:                       314     8         7      
                                                             
    .\src\
       bch_31_16_3.obj              1964    0         118    
       TI_aes_128.obj               1050    522       0      
       memory_local.obj             178     0         208    
       cipher.obj                   68      0         0      
       uart_msp430f5529.obj         36      0         0      
    +--+----------------------------+-------+---------+---------+
       Total:                       3296    522       326    
                                                             
    C:\ti\ccs900\ccs\tools\compiler\ti-cgt-msp430_18.12.1.LTS\lib\rts430x_lc_rd_eabi.lib
       e_pow.c.obj                  4424    48        0      
       frcdivd.c.obj                1126    0         0      
       _printfi_min.c.obj           816     20        0      
       addd.c.obj                   736     0         0      
       e_sqrt.c.obj                 734     0         0      
       memory.c.obj                 710     0         6      
       frcmpyd.c.obj                640     0         0      
       mpyd.c.obj                   614     0         0      
       frcaddd.c.obj                584     0         0      
       divd.c.obj                   546     0         0      
       trgmsg.c.obj                 104     0         288    
       defs.c.obj                   0       0         362    
       s_scalbn.c.obj               346     0         0      
       fputs.c.obj                  240     0         0      
       setvbuf.c.obj                222     0         0      
       cmpd.c.obj                   216     0         0      
       host_device.c.obj            0       0         180    
       renormd.c.obj                178     0         0      
       fltlid.c.obj                 158     0         0      
       hostlseek.c.obj              154     0         0      
       fputc.c.obj                  144     0         0      
       getdevice.c.obj              136     0         0      
       fltuld.c.obj                 128     0         0      
       _io_perm.c.obj               126     0         0      
       hostopen.c.obj               112     0         8      
       copy_decompress_lzss.c.obj   118     0         0      
       fclose.c.obj                 116     0         0      
       hostrename.c.obj             116     0         0      
       hostwrite.c.obj              108     0         0      
       fseek.c.obj                  106     0         0      
       hostread.c.obj               106     0         0      
       fixdul.c.obj                 104     0         0      
       fixdli.c.obj                 102     0         0      
       fflush.c.obj                 100     0         0      
       cvtfd.c.obj                  92      0         0      
       close.c.obj                  90      0         0      
       autoinit.c.obj               84      0         0      
       printf.c.obj                 84      0         0      
       exit.c.obj                   80      0         2      
       asr32.asm.obj                78      0         0      
       hostclose.c.obj              78      0         0      
       lsl32.asm.obj                78      0         0      
       lsr32.asm.obj                78      0         0      
       hostunlink.c.obj             70      0         0      
       lseek.c.obj                  62      0         0      
       write.c.obj                  60      0         0      
       fopen.c.obj                  54      0         0      
       fs_itof.asm.obj              54      0         0      
       strncpy.c.obj                50      0         0      
       subd.c.obj                   50      0         0      
       unlink.c.obj                 48      0         0      
       negd.c.obj                   46      0         0      
       s_copysign.c.obj             46      0         0      
       div16s.asm.obj               44      0         0      
       fixdi.c.obj                  40      0         0      
       copy_zero_init.c.obj         36      0         0      
       mult32_f5hw.asm.obj          36      0         0      
       boot.c.obj                   28      2         0      
       memccpy.c.obj                30      0         0      
       strchr.c.obj                 28      0         0      
       strcmp.c.obj                 28      0         0      
       mult16_f5hw.asm.obj          24      0         0      
       div16u.asm.obj               22      0         0      
       memchr.c.obj                 22      0         0      
       memset.c.obj                 22      0         0      
       memcpy.c.obj                 20      0         0      
       copy_decompress_none.c.obj   18      0         0      
       strcpy.c.obj                 18      0         0      
       strlen.c.obj                 14      0         0      
       _lock.c.obj                  2       0         8      
       exit_gvars.c.obj             0       0         8      
       isr_trap.asm.obj             8       0         0      
       fltud.c.obj                  6       0         0      
       pre_init.c.obj               4       0         0      
       errno.c.obj                  0       0         2      
       int41.asm.obj                0       2         0      
       int42.asm.obj                0       2         0      
       int43.asm.obj                0       2         0      
       int44.asm.obj                0       2         0      
       int45.asm.obj                0       2         0      
       int47.asm.obj                0       2         0      
       int48.asm.obj                0       2         0      
       int49.asm.obj                0       2         0      
       int50.asm.obj                0       2         0      
       int51.asm.obj                0       2         0      
       int52.asm.obj                0       2         0      
       int53.asm.obj                0       2         0      
       int54.asm.obj                0       2         0      
       int55.asm.obj                0       2         0      
       int56.asm.obj                0       2         0      
       int57.asm.obj                0       2         0      
       int58.asm.obj                0       2         0      
       int59.asm.obj                0       2         0      
       int60.asm.obj                0       2         0      
       int61.asm.obj                0       2         0      
       int62.asm.obj                0       2         0      
       startup.c.obj                2       0         0      
    +--+----------------------------+-------+---------+---------+
       Total:                       15904   112       864    
                                                             
       Heap:                        0       0         160    
       Stack:                       0       0         160    
       Linker Generated:            0       204       0      
    +--+----------------------------+-------+---------+---------+
       Grand Total:                 19514   846       1517   


LINKER GENERATED COPY TABLES

__TI_cinit_table @ 000047d4 records: 2, size/record: 8, table size: 16
	.data: load addr=00004718, load size=000000aa bytes, run addr=00002400, run size=000001f2 bytes, compression=lzss
	.bss: load addr=000047ce, load size=00000006 bytes, run addr=000025f2, run size=0000019c bytes, compression=zero_init


LINKER GENERATED HANDLER TABLE

__TI_handler_table @ 000047c2 records: 3, size/record: 4, table size: 12
	index: 0, handler: __TI_zero_init
	index: 1, handler: __TI_decompress_lzss
	index: 2, handler: __TI_decompress_none


GLOBAL SYMBOLS: SORTED ALPHABETICALLY BY Name 

address   name                                   
-------   ----                                   
00000700  ADC12CTL0                              
00000701  ADC12CTL0_H                            
00000700  ADC12CTL0_L                            
00000702  ADC12CTL1                              
00000703  ADC12CTL1_H                            
00000702  ADC12CTL1_L                            
00000704  ADC12CTL2                              
00000705  ADC12CTL2_H                            
00000704  ADC12CTL2_L                            
0000070c  ADC12IE                                
0000070d  ADC12IE_H                              
0000070c  ADC12IE_L                              
0000070a  ADC12IFG                               
0000070b  ADC12IFG_H                             
0000070a  ADC12IFG_L                             
0000070e  ADC12IV                                
0000070f  ADC12IV_H                              
0000070e  ADC12IV_L                              
00000710  ADC12MCTL0                             
00000711  ADC12MCTL1                             
0000071a  ADC12MCTL10                            
0000071b  ADC12MCTL11                            
0000071c  ADC12MCTL12                            
0000071d  ADC12MCTL13                            
0000071e  ADC12MCTL14                            
0000071f  ADC12MCTL15                            
00000712  ADC12MCTL2                             
00000713  ADC12MCTL3                             
00000714  ADC12MCTL4                             
00000715  ADC12MCTL5                             
00000716  ADC12MCTL6                             
00000717  ADC12MCTL7                             
00000718  ADC12MCTL8                             
00000719  ADC12MCTL9                             
00000720  ADC12MEM0                              
00000721  ADC12MEM0_H                            
00000720  ADC12MEM0_L                            
00000722  ADC12MEM1                              
00000734  ADC12MEM10                             
00000735  ADC12MEM10_H                           
00000734  ADC12MEM10_L                           
00000736  ADC12MEM11                             
00000737  ADC12MEM11_H                           
00000736  ADC12MEM11_L                           
00000738  ADC12MEM12                             
00000739  ADC12MEM12_H                           
00000738  ADC12MEM12_L                           
0000073a  ADC12MEM13                             
0000073b  ADC12MEM13_H                           
0000073a  ADC12MEM13_L                           
0000073c  ADC12MEM14                             
0000073d  ADC12MEM14_H                           
0000073c  ADC12MEM14_L                           
0000073e  ADC12MEM15                             
0000073f  ADC12MEM15_H                           
0000073e  ADC12MEM15_L                           
00000723  ADC12MEM1_H                            
00000722  ADC12MEM1_L                            
00000724  ADC12MEM2                              
00000725  ADC12MEM2_H                            
00000724  ADC12MEM2_L                            
00000726  ADC12MEM3                              
00000727  ADC12MEM3_H                            
00000726  ADC12MEM3_L                            
00000728  ADC12MEM4                              
00000729  ADC12MEM4_H                            
00000728  ADC12MEM4_L                            
0000072a  ADC12MEM5                              
0000072b  ADC12MEM5_H                            
0000072a  ADC12MEM5_L                            
0000072c  ADC12MEM6                              
0000072d  ADC12MEM6_H                            
0000072c  ADC12MEM6_L                            
0000072e  ADC12MEM7                              
0000072f  ADC12MEM7_H                            
0000072e  ADC12MEM7_L                            
00000730  ADC12MEM8                              
00000731  ADC12MEM8_H                            
00000730  ADC12MEM8_L                            
00000732  ADC12MEM9                              
00000733  ADC12MEM9_H                            
00000732  ADC12MEM9_L                            
00014b64  C$$EXIT                                
000145ac  C$$IO$$                                
000008c0  CBCTL0                                 
000008c1  CBCTL0_H                               
000008c0  CBCTL0_L                               
000008c2  CBCTL1                                 
000008c3  CBCTL1_H                               
000008c2  CBCTL1_L                               
000008c4  CBCTL2                                 
000008c5  CBCTL2_H                               
000008c4  CBCTL2_L                               
000008c6  CBCTL3                                 
000008c7  CBCTL3_H                               
000008c6  CBCTL3_L                               
000008cc  CBINT                                  
000008cd  CBINT_H                                
000008cc  CBINT_L                                
000008ce  CBIV                                   
00000150  CRCDI                                  
00000152  CRCDIRB                                
00000153  CRCDIRB_H                              
00000152  CRCDIRB_L                              
00000151  CRCDI_H                                
00000150  CRCDI_L                                
00000154  CRCINIRES                              
00000155  CRCINIRES_H                            
00000154  CRCINIRES_L                            
00000156  CRCRESR                                
00000157  CRCRESR_H                              
00000156  CRCRESR_L                              
00000510  DMA0CTL                                
00000511  DMA0CTL_H                              
00000510  DMA0CTL_L                              
00000516  DMA0DA                                 
00000518  DMA0DAH                                
00000516  DMA0DAL                                
00000512  DMA0SA                                 
00000514  DMA0SAH                                
00000512  DMA0SAL                                
0000051a  DMA0SZ                                 
00000520  DMA1CTL                                
00000521  DMA1CTL_H                              
00000520  DMA1CTL_L                              
00000526  DMA1DA                                 
00000528  DMA1DAH                                
00000526  DMA1DAL                                
00000522  DMA1SA                                 
00000524  DMA1SAH                                
00000522  DMA1SAL                                
0000052a  DMA1SZ                                 
00000530  DMA2CTL                                
00000531  DMA2CTL_H                              
00000530  DMA2CTL_L                              
00000536  DMA2DA                                 
00000538  DMA2DAH                                
00000536  DMA2DAL                                
00000532  DMA2SA                                 
00000534  DMA2SAH                                
00000532  DMA2SAL                                
0000053a  DMA2SZ                                 
00000500  DMACTL0                                
00000501  DMACTL0_H                              
00000500  DMACTL0_L                              
00000502  DMACTL1                                
00000503  DMACTL1_H                              
00000502  DMACTL1_L                              
00000504  DMACTL2                                
00000505  DMACTL2_H                              
00000504  DMACTL2_L                              
00000506  DMACTL3                                
00000507  DMACTL3_H                              
00000506  DMACTL3_L                              
00000508  DMACTL4                                
00000509  DMACTL4_H                              
00000508  DMACTL4_L                              
0000050e  DMAIV                                  
0000050f  DMAIV_H                                
0000050e  DMAIV_L                                
00000140  FCTL1                                  
00000141  FCTL1_H                                
00000140  FCTL1_L                                
00000144  FCTL3                                  
00000145  FCTL3_H                                
00000144  FCTL3_L                                
00000146  FCTL4                                  
00000147  FCTL4_H                                
00000146  FCTL4_L                                
00014b46  GF2Add                                 
00013380  GF2Divide                              
00014876  GF2FindDegree                          
00014350  GF2Mod                                 
000143d2  GF2Multiply                            
0001461c  GF32Add                                
00014392  GF32Evaluate                           
00014ada  GF32FindDegree                         
000149ca  GF32Init                               
000134e4  GF32Multiply                           
00014a92  GF32add2alpha                          
0001407c  HOSTclose                              
00013622  HOSTlseek                              
00013a42  HOSTopen                               
00013b8e  HOSTread                               
0001395a  HOSTrename                             
000142c6  HOSTunlink                             
00013b22  HOSTwrite                              
0001415e  LFSRs                                  
000004c4  MAC                                    
000004da  MAC32H                                 
000004db  MAC32H_H                               
000004da  MAC32H_L                               
000004d8  MAC32L                                 
000004d9  MAC32L_H                               
000004d8  MAC32L_L                               
000004c6  MACS                                   
000004de  MACS32H                                
000004df  MACS32H_H                              
000004de  MACS32H_L                              
000004dc  MACS32L                                
000004dd  MACS32L_H                              
000004dc  MACS32L_L                              
000004c7  MACS_H                                 
000004c6  MACS_L                                 
000004c5  MAC_H                                  
000004c4  MAC_L                                  
000004c0  MPY                                    
000004ec  MPY32CTL0                              
000004ed  MPY32CTL0_H                            
000004ec  MPY32CTL0_L                            
000004d2  MPY32H                                 
000004d3  MPY32H_H                               
000004d2  MPY32H_L                               
000004d0  MPY32L                                 
000004d1  MPY32L_H                               
000004d0  MPY32L_L                               
000004c2  MPYS                                   
000004d6  MPYS32H                                
000004d7  MPYS32H_H                              
000004d6  MPYS32H_L                              
000004d4  MPYS32L                                
000004d5  MPYS32L_H                              
000004d4  MPYS32L_L                              
000004c3  MPYS_H                                 
000004c2  MPYS_L                                 
000004c1  MPY_H                                  
000004c0  MPY_L                                  
000004c8  OP2                                    
000004e2  OP2H                                   
000004e3  OP2H_H                                 
000004e2  OP2H_L                                 
000004e0  OP2L                                   
000004e1  OP2L_H                                 
000004e0  OP2L_L                                 
000004c9  OP2_H                                  
000004c8  OP2_L                                  
0000020e  P1IV                                   
0000021e  P2IV                                   
000001e0  P4MAP01                                
000001e1  P4MAP01_H                              
000001e0  P4MAP01_L                              
000001e2  P4MAP23                                
000001e3  P4MAP23_H                              
000001e2  P4MAP23_L                              
000001e4  P4MAP45                                
000001e5  P4MAP45_H                              
000001e4  P4MAP45_L                              
000001e6  P4MAP67                                
000001e7  P4MAP67_H                              
000001e6  P4MAP67_L                              
00000204  PADIR                                  
00000205  PADIR_H                                
00000204  PADIR_L                                
00000208  PADS                                   
00000209  PADS_H                                 
00000208  PADS_L                                 
0000021a  PAIE                                   
00000218  PAIES                                  
00000219  PAIES_H                                
00000218  PAIES_L                                
0000021b  PAIE_H                                 
0000021a  PAIE_L                                 
0000021c  PAIFG                                  
0000021d  PAIFG_H                                
0000021c  PAIFG_L                                
00000200  PAIN                                   
00000201  PAIN_H                                 
00000200  PAIN_L                                 
00000202  PAOUT                                  
00000203  PAOUT_H                                
00000202  PAOUT_L                                
00000206  PAREN                                  
00000207  PAREN_H                                
00000206  PAREN_L                                
0000020a  PASEL                                  
0000020b  PASEL_H                                
0000020a  PASEL_L                                
00000224  PBDIR                                  
00000225  PBDIR_H                                
00000224  PBDIR_L                                
00000228  PBDS                                   
00000229  PBDS_H                                 
00000228  PBDS_L                                 
00000220  PBIN                                   
00000221  PBIN_H                                 
00000220  PBIN_L                                 
00000222  PBOUT                                  
00000223  PBOUT_H                                
00000222  PBOUT_L                                
00000226  PBREN                                  
00000227  PBREN_H                                
00000226  PBREN_L                                
0000022a  PBSEL                                  
0000022b  PBSEL_H                                
0000022a  PBSEL_L                                
00000244  PCDIR                                  
00000245  PCDIR_H                                
00000244  PCDIR_L                                
00000248  PCDS                                   
00000249  PCDS_H                                 
00000248  PCDS_L                                 
00000240  PCIN                                   
00000241  PCIN_H                                 
00000240  PCIN_L                                 
00000242  PCOUT                                  
00000243  PCOUT_H                                
00000242  PCOUT_L                                
00000246  PCREN                                  
00000247  PCREN_H                                
00000246  PCREN_L                                
0000024a  PCSEL                                  
0000024b  PCSEL_H                                
0000024a  PCSEL_L                                
00000264  PDDIR                                  
00000265  PDDIR_H                                
00000264  PDDIR_L                                
00000268  PDDS                                   
00000269  PDDS_H                                 
00000268  PDDS_L                                 
00000260  PDIN                                   
00000261  PDIN_H                                 
00000260  PDIN_L                                 
00000262  PDOUT                                  
00000263  PDOUT_H                                
00000262  PDOUT_L                                
00000266  PDREN                                  
00000267  PDREN_H                                
00000266  PDREN_L                                
0000026a  PDSEL                                  
0000026b  PDSEL_H                                
0000026a  PDSEL_L                                
00000324  PJDIR                                  
00000325  PJDIR_H                                
00000324  PJDIR_L                                
00000328  PJDS                                   
00000329  PJDS_H                                 
00000328  PJDS_L                                 
00000320  PJIN                                   
00000321  PJIN_H                                 
00000320  PJIN_L                                 
00000322  PJOUT                                  
00000323  PJOUT_H                                
00000322  PJOUT_L                                
00000326  PJREN                                  
00000327  PJREN_H                                
00000326  PJREN_L                                
00000130  PM5CTL0                                
00000131  PM5CTL0_H                              
00000130  PM5CTL0_L                              
000001c2  PMAPCTL                                
000001c3  PMAPCTL_H                              
000001c2  PMAPCTL_L                              
000001c0  PMAPKEYID                              
000001c1  PMAPKEYID_H                            
000001c0  PMAPKEYID_L                            
00000120  PMMCTL0                                
00000121  PMMCTL0_H                              
00000120  PMMCTL0_L                              
00000122  PMMCTL1                                
00000123  PMMCTL1_H                              
00000122  PMMCTL1_L                              
0000012c  PMMIFG                                 
0000012d  PMMIFG_H                               
0000012c  PMMIFG_L                               
0000012e  PMMRIE                                 
0000012f  PMMRIE_H                               
0000012e  PMMRIE_L                               
00000158  RCCTL0                                 
00000159  RCCTL0_H                               
00000158  RCCTL0_L                               
000001b0  REFCTL0                                
000001b1  REFCTL0_H                              
000001b0  REFCTL0_L                              
000004e4  RES0                                   
000004e5  RES0_H                                 
000004e4  RES0_L                                 
000004e6  RES1                                   
000004e7  RES1_H                                 
000004e6  RES1_L                                 
000004e8  RES2                                   
000004e9  RES2_H                                 
000004e8  RES2_L                                 
000004ea  RES3                                   
000004eb  RES3_H                                 
000004ea  RES3_L                                 
000004cc  RESHI                                  
000004cd  RESHI_H                                
000004cc  RESHI_L                                
000004ca  RESLO                                  
000004cb  RESLO_H                                
000004ca  RESLO_L                                
000004ba  RTCADOWDAY                             
000004bb  RTCADOWDAY_H                           
000004ba  RTCADOWDAY_L                           
000004b8  RTCAMINHR                              
000004b9  RTCAMINHR_H                            
000004b8  RTCAMINHR_L                            
000004a0  RTCCTL01                               
000004a1  RTCCTL01_H                             
000004a0  RTCCTL01_L                             
000004a2  RTCCTL23                               
000004a3  RTCCTL23_H                             
000004a2  RTCCTL23_L                             
000004b4  RTCDATE                                
000004b5  RTCDATE_H                              
000004b4  RTCDATE_L                              
000004ae  RTCIV                                  
000004ac  RTCPS                                  
000004a8  RTCPS0CTL                              
000004a9  RTCPS0CTL_H                            
000004a8  RTCPS0CTL_L                            
000004aa  RTCPS1CTL                              
000004ab  RTCPS1CTL_H                            
000004aa  RTCPS1CTL_L                            
000004ad  RTCPS_H                                
000004ac  RTCPS_L                                
000004b0  RTCTIM0                                
000004b1  RTCTIM0_H                              
000004b0  RTCTIM0_L                              
000004b2  RTCTIM1                                
000004b3  RTCTIM1_H                              
000004b2  RTCTIM1_L                              
000004b6  RTCYEAR                                
000004b7  RTCYEAR_H                              
000004b6  RTCYEAR_L                              
00004708  Rcon                                   
00000100  SFRIE1                                 
00000101  SFRIE1_H                               
00000100  SFRIE1_L                               
00000102  SFRIFG1                                
00000103  SFRIFG1_H                              
00000102  SFRIFG1_L                              
00000104  SFRRPCR                                
00000105  SFRRPCR_H                              
00000104  SFRRPCR_L                              
000004ce  SUMEXT                                 
000004cf  SUMEXT_H                               
000004ce  SUMEXT_L                               
00000124  SVSMHCTL                               
00000125  SVSMHCTL_H                             
00000124  SVSMHCTL_L                             
00000128  SVSMIO                                 
00000129  SVSMIO_H                               
00000128  SVSMIO_L                               
00000126  SVSMLCTL                               
00000127  SVSMLCTL_H                             
00000126  SVSMLCTL_L                             
00000198  SYSBERRIV                              
00000199  SYSBERRIV_H                            
00000198  SYSBERRIV_L                            
00000182  SYSBSLC                                
00000183  SYSBSLC_H                              
00000182  SYSBSLC_L                              
00000180  SYSCTL                                 
00000181  SYSCTL_H                               
00000180  SYSCTL_L                               
00000186  SYSJMBC                                
00000187  SYSJMBC_H                              
00000186  SYSJMBC_L                              
00000188  SYSJMBI0                               
00000189  SYSJMBI0_H                             
00000188  SYSJMBI0_L                             
0000018a  SYSJMBI1                               
0000018b  SYSJMBI1_H                             
0000018a  SYSJMBI1_L                             
0000018c  SYSJMBO0                               
0000018d  SYSJMBO0_H                             
0000018c  SYSJMBO0_L                             
0000018e  SYSJMBO1                               
0000018f  SYSJMBO1_H                             
0000018e  SYSJMBO1_L                             
0000019e  SYSRSTIV                               
0000019f  SYSRSTIV_H                             
0000019e  SYSRSTIV_L                             
0000019c  SYSSNIV                                
0000019d  SYSSNIV_H                              
0000019c  SYSSNIV_L                              
0000019a  SYSUNIV                                
0000019b  SYSUNIV_H                              
0000019a  SYSUNIV_L                              
00000352  TA0CCR0                                
00000354  TA0CCR1                                
00000356  TA0CCR2                                
00000358  TA0CCR3                                
0000035a  TA0CCR4                                
00000342  TA0CCTL0                               
00000344  TA0CCTL1                               
00000346  TA0CCTL2                               
00000348  TA0CCTL3                               
0000034a  TA0CCTL4                               
00000340  TA0CTL                                 
00000360  TA0EX0                                 
0000036e  TA0IV                                  
00000350  TA0R                                   
00000392  TA1CCR0                                
00000394  TA1CCR1                                
00000396  TA1CCR2                                
00000382  TA1CCTL0                               
00000384  TA1CCTL1                               
00000386  TA1CCTL2                               
00000380  TA1CTL                                 
000003a0  TA1EX0                                 
000003ae  TA1IV                                  
00000390  TA1R                                   
00000412  TA2CCR0                                
00000414  TA2CCR1                                
00000416  TA2CCR2                                
00000402  TA2CCTL0                               
00000404  TA2CCTL1                               
00000406  TA2CCTL2                               
00000400  TA2CTL                                 
00000420  TA2EX0                                 
0000042e  TA2IV                                  
00000410  TA2R                                   
000003d2  TB0CCR0                                
000003d4  TB0CCR1                                
000003d6  TB0CCR2                                
000003d8  TB0CCR3                                
000003da  TB0CCR4                                
000003dc  TB0CCR5                                
000003de  TB0CCR6                                
000003c2  TB0CCTL0                               
000003c4  TB0CCTL1                               
000003c6  TB0CCTL2                               
000003c8  TB0CCTL3                               
000003ca  TB0CCTL4                               
000003cc  TB0CCTL5                               
000003ce  TB0CCTL6                               
000003c0  TB0CTL                                 
000003e0  TB0EX0                                 
000003ee  TB0IV                                  
000003d0  TB0R                                   
000005d0  UCA0ABCTL                              
000005c6  UCA0BRW                                
000005c7  UCA0BRW_H                              
000005c6  UCA0BRW_L                              
000005c0  UCA0CTLW0                              
000005c1  UCA0CTLW0_H                            
000005c0  UCA0CTLW0_L                            
000005dc  UCA0ICTL                               
000005dd  UCA0ICTL_H                             
000005dc  UCA0ICTL_L                             
000005d2  UCA0IRCTL                              
000005d3  UCA0IRCTL_H                            
000005d2  UCA0IRCTL_L                            
000005de  UCA0IV                                 
000005c8  UCA0MCTL                               
000005cc  UCA0RXBUF                              
000005ca  UCA0STAT                               
000005ce  UCA0TXBUF                              
00000610  UCA1ABCTL                              
00000606  UCA1BRW                                
00000607  UCA1BRW_H                              
00000606  UCA1BRW_L                              
00000600  UCA1CTLW0                              
00000601  UCA1CTLW0_H                            
00000600  UCA1CTLW0_L                            
0000061c  UCA1ICTL                               
0000061d  UCA1ICTL_H                             
0000061c  UCA1ICTL_L                             
00000612  UCA1IRCTL                              
00000613  UCA1IRCTL_H                            
00000612  UCA1IRCTL_L                            
0000061e  UCA1IV                                 
00000608  UCA1MCTL                               
0000060c  UCA1RXBUF                              
0000060a  UCA1STAT                               
0000060e  UCA1TXBUF                              
000005e6  UCB0BRW                                
000005e7  UCB0BRW_H                              
000005e6  UCB0BRW_L                              
000005e0  UCB0CTLW0                              
000005e1  UCB0CTLW0_H                            
000005e0  UCB0CTLW0_L                            
000005f0  UCB0I2COA                              
000005f1  UCB0I2COA_H                            
000005f0  UCB0I2COA_L                            
000005f2  UCB0I2CSA                              
000005f3  UCB0I2CSA_H                            
000005f2  UCB0I2CSA_L                            
000005fc  UCB0ICTL                               
000005fd  UCB0ICTL_H                             
000005fc  UCB0ICTL_L                             
000005fe  UCB0IV                                 
000005ec  UCB0RXBUF                              
000005ea  UCB0STAT                               
000005ee  UCB0TXBUF                              
00000626  UCB1BRW                                
00000627  UCB1BRW_H                              
00000626  UCB1BRW_L                              
00000620  UCB1CTLW0                              
00000621  UCB1CTLW0_H                            
00000620  UCB1CTLW0_L                            
00000630  UCB1I2COA                              
00000631  UCB1I2COA_H                            
00000630  UCB1I2COA_L                            
00000632  UCB1I2CSA                              
00000633  UCB1I2CSA_H                            
00000632  UCB1I2CSA_L                            
0000063c  UCB1ICTL                               
0000063d  UCB1ICTL_H                             
0000063c  UCB1ICTL_L                             
0000063e  UCB1IV                                 
0000062c  UCB1RXBUF                              
0000062a  UCB1STAT                               
0000062e  UCB1TXBUF                              
00000160  UCSCTL0                                
00000161  UCSCTL0_H                              
00000160  UCSCTL0_L                              
00000162  UCSCTL1                                
00000163  UCSCTL1_H                              
00000162  UCSCTL1_L                              
00000164  UCSCTL2                                
00000165  UCSCTL2_H                              
00000164  UCSCTL2_L                              
00000166  UCSCTL3                                
00000167  UCSCTL3_H                              
00000166  UCSCTL3_L                              
00000168  UCSCTL4                                
00000169  UCSCTL4_H                              
00000168  UCSCTL4_L                              
0000016a  UCSCTL5                                
0000016b  UCSCTL5_H                              
0000016a  UCSCTL5_L                              
0000016c  UCSCTL6                                
0000016d  UCSCTL6_H                              
0000016c  UCSCTL6_L                              
0000016e  UCSCTL7                                
0000016f  UCSCTL7_H                              
0000016e  UCSCTL7_L                              
00000170  UCSCTL8                                
00000171  UCSCTL8_H                              
00000170  UCSCTL8_L                              
00000902  USBCNF                                 
00000903  USBCNF_H                               
00000902  USBCNF_L                               
0000093c  USBCTL                                 
0000093a  USBFN                                  
0000093b  USBFN_H                                
0000093a  USBFN_L                                
0000093f  USBFUNADR                              
0000093d  USBIE                                  
00002378  USBIEP0BUF                             
000023c9  USBIEPBBAX_1                           
000023d1  USBIEPBBAX_2                           
000023d9  USBIEPBBAX_3                           
000023e1  USBIEPBBAX_4                           
000023e9  USBIEPBBAX_5                           
000023f1  USBIEPBBAX_6                           
000023f9  USBIEPBBAX_7                           
000023cd  USBIEPBBAY_1                           
000023d5  USBIEPBBAY_2                           
000023dd  USBIEPBBAY_3                           
000023e5  USBIEPBBAY_4                           
000023ed  USBIEPBBAY_5                           
000023f5  USBIEPBBAY_6                           
000023fd  USBIEPBBAY_7                           
000023ca  USBIEPBCTX_1                           
000023d2  USBIEPBCTX_2                           
000023da  USBIEPBCTX_3                           
000023e2  USBIEPBCTX_4                           
000023ea  USBIEPBCTX_5                           
000023f2  USBIEPBCTX_6                           
000023fa  USBIEPBCTX_7                           
000023ce  USBIEPBCTY_1                           
000023d6  USBIEPBCTY_2                           
000023de  USBIEPBCTY_3                           
000023e6  USBIEPBCTY_4                           
000023ee  USBIEPBCTY_5                           
000023f6  USBIEPBCTY_6                           
000023fe  USBIEPBCTY_7                           
00000920  USBIEPCNF_0                            
000023c8  USBIEPCNF_1                            
000023d0  USBIEPCNF_2                            
000023d8  USBIEPCNF_3                            
000023e0  USBIEPCNF_4                            
000023e8  USBIEPCNF_5                            
000023f0  USBIEPCNF_6                            
000023f8  USBIEPCNF_7                            
00000921  USBIEPCNT_0                            
0000092e  USBIEPIE                               
00000930  USBIEPIFG                              
000023cf  USBIEPSIZXY_1                          
000023d7  USBIEPSIZXY_2                          
000023df  USBIEPSIZXY_3                          
000023e7  USBIEPSIZXY_4                          
000023ef  USBIEPSIZXY_5                          
000023f7  USBIEPSIZXY_6                          
000023ff  USBIEPSIZXY_7                          
0000093e  USBIFG                                 
00000900  USBKEYID                               
00000901  USBKEYID_H                             
00000900  USBKEYID_L                             
00000936  USBMAINT                               
00000937  USBMAINT_H                             
00000936  USBMAINT_L                             
00002370  USBOEP0BUF                             
00002389  USBOEPBBAX_1                           
00002391  USBOEPBBAX_2                           
00002399  USBOEPBBAX_3                           
000023a1  USBOEPBBAX_4                           
000023a9  USBOEPBBAX_5                           
000023b1  USBOEPBBAX_6                           
000023b9  USBOEPBBAX_7                           
0000238d  USBOEPBBAY_1                           
00002395  USBOEPBBAY_2                           
0000239d  USBOEPBBAY_3                           
000023a5  USBOEPBBAY_4                           
000023ad  USBOEPBBAY_5                           
000023b5  USBOEPBBAY_6                           
000023bd  USBOEPBBAY_7                           
0000238a  USBOEPBCTX_1                           
00002392  USBOEPBCTX_2                           
0000239a  USBOEPBCTX_3                           
000023a2  USBOEPBCTX_4                           
000023aa  USBOEPBCTX_5                           
000023b2  USBOEPBCTX_6                           
000023ba  USBOEPBCTX_7                           
0000238e  USBOEPBCTY_1                           
00002396  USBOEPBCTY_2                           
0000239e  USBOEPBCTY_3                           
000023a6  USBOEPBCTY_4                           
000023ae  USBOEPBCTY_5                           
000023b6  USBOEPBCTY_6                           
000023be  USBOEPBCTY_7                           
00000922  USBOEPCNF_0                            
00002388  USBOEPCNF_1                            
00002390  USBOEPCNF_2                            
00002398  USBOEPCNF_3                            
000023a0  USBOEPCNF_4                            
000023a8  USBOEPCNF_5                            
000023b0  USBOEPCNF_6                            
000023b8  USBOEPCNF_7                            
00000923  USBOEPCNT_0                            
0000092f  USBOEPIE                               
00000931  USBOEPIFG                              
0000238f  USBOEPSIZXY_1                          
00002397  USBOEPSIZXY_2                          
0000239f  USBOEPSIZXY_3                          
000023a7  USBOEPSIZXY_4                          
000023af  USBOEPSIZXY_5                          
000023b7  USBOEPSIZXY_6                          
000023bf  USBOEPSIZXY_7                          
00000904  USBPHYCTL                              
00000905  USBPHYCTL_H                            
00000904  USBPHYCTL_L                            
00000910  USBPLLCTL                              
00000911  USBPLLCTL_H                            
00000910  USBPLLCTL_L                            
00000912  USBPLLDIVB                             
00000913  USBPLLDIVB_H                           
00000912  USBPLLDIVB_L                           
00000914  USBPLLIR                               
00000915  USBPLLIR_H                             
00000914  USBPLLIR_L                             
00000908  USBPWRCTL                              
00000909  USBPWRCTL_H                            
00000908  USBPWRCTL_L                            
00001c00  USBSTABUFF                             
00002380  USBSUBLK                               
0000236f  USBTOPBUFF                             
00000938  USBTSREG                               
00000939  USBTSREG_H                             
00000938  USBTSREG_L                             
00000932  USBVECINT                              
00000933  USBVECINT_H                            
00000932  USBVECINT_L                            
00004400  USCI_A1_ISR                            
0000015c  WDTCTL                                 
0000015d  WDTCTL_H                               
0000015c  WDTCTL_L                               
0000278e  _CIOBUF_                               
00004400  __STACK_END                            
000000a0  __STACK_SIZE                           
000000a0  __SYSMEM_SIZE                          
000047d4  __TI_CINIT_Base                        
000047e4  __TI_CINIT_Limit                       
000047c2  __TI_Handler_Table_Base                
000047ce  __TI_Handler_Table_Limit               
000044bc  __TI_ISR_TRAP                          
00014028  __TI_auto_init_nobinit_nopinit_hold_wdt
00014544  __TI_cleanup                           
000025da  __TI_cleanup_ptr                       
000139ce  __TI_closefile                         
000138e4  __TI_decompress_lzss                   
00014aa4  __TI_decompress_none                   
00013d96  __TI_doflush                           
000025de  __TI_dtors_ptr                         
000025ee  __TI_enable_exit_profile_output        
0001245a  __TI_frcaddd                           
00011148  __TI_frcdivd                           
00011f74  __TI_frcmpyd                           
000025ea  __TI_ft_end                            
0000ffd2  __TI_int41                             
0000ffd4  __TI_int42                             
0000ffd6  __TI_int43                             
0000ffd8  __TI_int44                             
0000ffda  __TI_int45                             
0000ffdc  __TI_int46                             
0000ffde  __TI_int47                             
0000ffe0  __TI_int48                             
0000ffe2  __TI_int49                             
0000ffe4  __TI_int50                             
0000ffe6  __TI_int51                             
0000ffe8  __TI_int52                             
0000ffea  __TI_int53                             
0000ffec  __TI_int54                             
0000ffee  __TI_int55                             
0000fff0  __TI_int56                             
0000fff2  __TI_int57                             
0000fff4  __TI_int58                             
0000fff6  __TI_int59                             
0000fff8  __TI_int60                             
0000fffa  __TI_int61                             
0000fffc  __TI_int62                             
ffffffff  __TI_pprof_out_hndl                    
00013018  __TI_printfi_minimal                   
ffffffff  __TI_prof_data_size                    
ffffffff  __TI_prof_data_start                   
0001464e  __TI_readmsg                           
00013432  __TI_renormd                           
000025f2  __TI_tmpnams                           
0001457a  __TI_writemsg                          
00013866  __TI_wrt_ok                            
000148c6  __TI_zero_init_nomemset                
ffffffff  __c_args__                             
000119b6  __mspabi_addd                          
000132a8  __mspabi_cmpd                          
00013ebc  __mspabi_cvtfd                         
000126a2  __mspabi_divd                          
000147f6  __mspabi_divi                          
00014a54  __mspabi_divu                          
0001489e  __mspabi_fixdi                         
00013cca  __mspabi_fixdli                        
00013c62  __mspabi_fixdul                        
000145e6  __mspabi_fltif                         
00013584  __mspabi_fltlid                        
00014b58  __mspabi_fltud                         
000137e6  __mspabi_fltuld                        
000121f4  __mspabi_mpyd                          
000149e4  __mspabi_mpyi_f5hw                     
000148ea  __mspabi_mpyl_f5hw                     
00014714  __mspabi_negd                          
000147f6  __mspabi_remi                          
00014a54  __mspabi_remu                          
00014b0a  __mspabi_slll                          
00014486  __mspabi_slll_1                        
00014462  __mspabi_slll_10                       
0001445e  __mspabi_slll_11                       
0001445a  __mspabi_slll_12                       
00014456  __mspabi_slll_13                       
00014452  __mspabi_slll_14                       
0001444e  __mspabi_slll_15                       
00014482  __mspabi_slll_2                        
0001447e  __mspabi_slll_3                        
0001447a  __mspabi_slll_4                        
00014476  __mspabi_slll_5                        
00014472  __mspabi_slll_6                        
0001446e  __mspabi_slll_7                        
0001446a  __mspabi_slll_8                        
00014466  __mspabi_slll_9                        
00014afa  __mspabi_sral                          
00014448  __mspabi_sral_1                        
00014424  __mspabi_sral_10                       
00014420  __mspabi_sral_11                       
0001441c  __mspabi_sral_12                       
00014418  __mspabi_sral_13                       
00014414  __mspabi_sral_14                       
00014410  __mspabi_sral_15                       
00014444  __mspabi_sral_2                        
00014440  __mspabi_sral_3                        
0001443c  __mspabi_sral_4                        
00014438  __mspabi_sral_5                        
00014434  __mspabi_sral_6                        
00014430  __mspabi_sral_7                        
0001442c  __mspabi_sral_8                        
00014428  __mspabi_sral_9                        
00014b1a  __mspabi_srll                          
000144c4  __mspabi_srll_1                        
000144a0  __mspabi_srll_10                       
0001449c  __mspabi_srll_11                       
00014498  __mspabi_srll_12                       
00014494  __mspabi_srll_13                       
00014490  __mspabi_srll_14                       
0001448c  __mspabi_srll_15                       
000144c0  __mspabi_srll_2                        
000144bc  __mspabi_srll_3                        
000144b8  __mspabi_srll_4                        
000144b4  __mspabi_srll_5                        
000144b0  __mspabi_srll_6                        
000144ac  __mspabi_srll_7                        
000144a8  __mspabi_srll_8                        
000144a4  __mspabi_srll_9                        
00014680  __mspabi_subd                          
000044a0  _c_int00_noargs                        
000024c8  _device                                
00002400  _ftable                                
000025e2  _lock                                  
00014b72  _nop                                   
0000fffe  _reset_vector                          
00004360  _stack                                 
00002540  _stream                                
000028b0  _sys_memory                            
00014b74  _system_post_cinit                     
00014b6e  _system_pre_init                       
000025e6  _unlock                                
00014b64  abort                                  
000115ae  aes_enc_dec                            
0001430c  aes_enc_dec_buffer                     
00012d42  aligned_alloc                          
00013d30  bch_buffer_decoder                     
00013f18  bch_buffer_encoder                     
0001479e  bits_2_bytes                           
00002692  buffer                                 
00002712  buffer_tmp                             
000141ee  bytes_2_bits                           
00013f74  close                                  
00014aea  concate                                
00014742  copysign                               
00014742  copysignl                              
00014954  correct_errors                         
00014a6a  de_concate                             
000128c4  decoder_bch                            
00013dfa  encoder_bch                            
000025ec  errno                                  
00013e5e  error_module                           
000140ca  exit                                   
00014770  finddevice                             
000025d4  flash_key_operation                    
00013756  fputc                                  
00012e4a  fputs                                  
000131ce  free                                   
00013bf8  fseek                                  
00014ab6  galois_mul2                            
000149fc  getBit                                 
00013fce  getdevice                              
000025d5  index_dmabuff                          
000025d6  index_keybuff                          
00002772  key_1                                  
[...]
00000733  ADC12MEM9_H                            
00000734  ADC12MEM10                             
00000734  ADC12MEM10_L                           
00000735  ADC12MEM10_H                           
00000736  ADC12MEM11                             
00000736  ADC12MEM11_L                           
00000737  ADC12MEM11_H                           
00000738  ADC12MEM12                             
00000738  ADC12MEM12_L                           
00000739  ADC12MEM12_H                           
0000073a  ADC12MEM13                             
0000073a  ADC12MEM13_L                           
0000073b  ADC12MEM13_H                           
0000073c  ADC12MEM14                             
0000073c  ADC12MEM14_L                           
0000073d  ADC12MEM14_H                           
0000073e  ADC12MEM15                             
0000073e  ADC12MEM15_L                           
0000073f  ADC12MEM15_H                           
000008c0  CBCTL0                                 
000008c0  CBCTL0_L                               
000008c1  CBCTL0_H                               
000008c2  CBCTL1                                 
000008c2  CBCTL1_L                               
000008c3  CBCTL1_H                               
000008c4  CBCTL2                                 
000008c4  CBCTL2_L                               
000008c5  CBCTL2_H                               
000008c6  CBCTL3                                 
000008c6  CBCTL3_L                               
000008c7  CBCTL3_H                               
000008cc  CBINT                                  
000008cc  CBINT_L                                
000008cd  CBINT_H                                
000008ce  CBIV                                   
00000900  USBKEYID                               
00000900  USBKEYID_L                             
00000901  USBKEYID_H                             
00000902  USBCNF                                 
00000902  USBCNF_L                               
00000903  USBCNF_H                               
00000904  USBPHYCTL                              
00000904  USBPHYCTL_L                            
00000905  USBPHYCTL_H                            
00000908  USBPWRCTL                              
00000908  USBPWRCTL_L                            
00000909  USBPWRCTL_H                            
00000910  USBPLLCTL                              
00000910  USBPLLCTL_L                            
00000911  USBPLLCTL_H                            
00000912  USBPLLDIVB                             
00000912  USBPLLDIVB_L                           
00000913  USBPLLDIVB_H                           
00000914  USBPLLIR                               
00000914  USBPLLIR_L                             
00000915  USBPLLIR_H                             
00000920  USBIEPCNF_0                            
00000921  USBIEPCNT_0                            
00000922  USBOEPCNF_0                            
00000923  USBOEPCNT_0                            
0000092e  USBIEPIE                               
0000092f  USBOEPIE                               
00000930  USBIEPIFG                              
00000931  USBOEPIFG                              
00000932  USBVECINT                              
00000932  USBVECINT_L                            
00000933  USBVECINT_H                            
00000936  USBMAINT                               
00000936  USBMAINT_L                             
00000937  USBMAINT_H                             
00000938  USBTSREG                               
00000938  USBTSREG_L                             
00000939  USBTSREG_H                             
0000093a  USBFN                                  
0000093a  USBFN_L                                
0000093b  USBFN_H                                
0000093c  USBCTL                                 
0000093d  USBIE                                  
0000093e  USBIFG                                 
0000093f  USBFUNADR                              
00001c00  USBSTABUFF                             
0000236f  USBTOPBUFF                             
00002370  USBOEP0BUF                             
00002378  USBIEP0BUF                             
00002380  USBSUBLK                               
00002388  USBOEPCNF_1                            
00002389  USBOEPBBAX_1                           
0000238a  USBOEPBCTX_1                           
0000238d  USBOEPBBAY_1                           
0000238e  USBOEPBCTY_1                           
0000238f  USBOEPSIZXY_1                          
00002390  USBOEPCNF_2                            
00002391  USBOEPBBAX_2                           
00002392  USBOEPBCTX_2                           
00002395  USBOEPBBAY_2                           
00002396  USBOEPBCTY_2                           
00002397  USBOEPSIZXY_2                          
00002398  USBOEPCNF_3                            
00002399  USBOEPBBAX_3                           
0000239a  USBOEPBCTX_3                           
0000239d  USBOEPBBAY_3                           
0000239e  USBOEPBCTY_3                           
0000239f  USBOEPSIZXY_3                          
000023a0  USBOEPCNF_4                            
000023a1  USBOEPBBAX_4                           
000023a2  USBOEPBCTX_4                           
000023a5  USBOEPBBAY_4                           
000023a6  USBOEPBCTY_4                           
000023a7  USBOEPSIZXY_4                          
000023a8  USBOEPCNF_5                            
000023a9  USBOEPBBAX_5                           
000023aa  USBOEPBCTX_5                           
000023ad  USBOEPBBAY_5                           
000023ae  USBOEPBCTY_5                           
000023af  USBOEPSIZXY_5                          
000023b0  USBOEPCNF_6                            
000023b1  USBOEPBBAX_6                           
000023b2  USBOEPBCTX_6                           
000023b5  USBOEPBBAY_6                           
000023b6  USBOEPBCTY_6                           
000023b7  USBOEPSIZXY_6                          
000023b8  USBOEPCNF_7                            
000023b9  USBOEPBBAX_7                           
000023ba  USBOEPBCTX_7                           
000023bd  USBOEPBBAY_7                           
000023be  USBOEPBCTY_7                           
000023bf  USBOEPSIZXY_7                          
000023c8  USBIEPCNF_1                            
000023c9  USBIEPBBAX_1                           
000023ca  USBIEPBCTX_1                           
000023cd  USBIEPBBAY_1                           
000023ce  USBIEPBCTY_1                           
000023cf  USBIEPSIZXY_1                          
000023d0  USBIEPCNF_2                            
000023d1  USBIEPBBAX_2                           
000023d2  USBIEPBCTX_2                           
000023d5  USBIEPBBAY_2                           
000023d6  USBIEPBCTY_2                           
000023d7  USBIEPSIZXY_2                          
000023d8  USBIEPCNF_3                            
000023d9  USBIEPBBAX_3                           
000023da  USBIEPBCTX_3                           
000023dd  USBIEPBBAY_3                           
000023de  USBIEPBCTY_3                           
000023df  USBIEPSIZXY_3                          
000023e0  USBIEPCNF_4                            
000023e1  USBIEPBBAX_4                           
000023e2  USBIEPBCTX_4                           
000023e5  USBIEPBBAY_4                           
000023e6  USBIEPBCTY_4                           
000023e7  USBIEPSIZXY_4                          
000023e8  USBIEPCNF_5                            
000023e9  USBIEPBBAX_5                           
000023ea  USBIEPBCTX_5                           
000023ed  USBIEPBBAY_5                           
000023ee  USBIEPBCTY_5                           
000023ef  USBIEPSIZXY_5                          
000023f0  USBIEPCNF_6                            
000023f1  USBIEPBBAX_6                           
000023f2  USBIEPBCTX_6                           
000023f5  USBIEPBBAY_6                           
000023f6  USBIEPBCTY_6                           
000023f7  USBIEPSIZXY_6                          
000023f8  USBIEPCNF_7                            
000023f9  USBIEPBBAX_7                           
000023fa  USBIEPBCTX_7                           
000023fd  USBIEPBBAY_7                           
000023fe  USBIEPBCTY_7                           
000023ff  USBIEPSIZXY_7                          
00002400  _ftable                                
000024c8  _device                                
00002540  _stream                                
000025d2  rx_operation                           
000025d3  tx_operation                           
000025d4  flash_key_operation                    
000025d5  index_dmabuff                          
000025d6  index_keybuff                          
000025d7  op_write_to_flash                      
000025d8  op_write_key_to_flash                  
000025da  __TI_cleanup_ptr                       
000025de  __TI_dtors_ptr                         
000025e2  _lock                                  
000025e6  _unlock                                
000025ea  __TI_ft_end                            
000025ec  errno                                  
000025ee  __TI_enable_exit_profile_output        
000025f2  __TI_tmpnams                           
00002692  buffer                                 
00002712  buffer_tmp                             
00002772  key_1                                  
00002782  parmbuf                                
0000278e  _CIOBUF_                               
000028b0  _sys_memory                            
00004360  _stack                                 
00004400  USCI_A1_ISR                            
00004400  __STACK_END                            
000044a0  _c_int00_noargs                        
000044bc  __TI_ISR_TRAP                          
000044c4  rsbox                                  
000045c4  sbox                                   
00004708  Rcon                                   
000047c2  __TI_Handler_Table_Base                
000047ce  __TI_Handler_Table_Limit               
000047d4  __TI_CINIT_Base                        
000047e4  __TI_CINIT_Limit                       
0000ffd2  __TI_int41                             
0000ffd4  __TI_int42                             
0000ffd6  __TI_int43                             
0000ffd8  __TI_int44                             
0000ffda  __TI_int45                             
0000ffdc  __TI_int46                             
0000ffde  __TI_int47                             
0000ffe0  __TI_int48                             
0000ffe2  __TI_int49                             
0000ffe4  __TI_int50                             
0000ffe6  __TI_int51                             
0000ffe8  __TI_int52                             
0000ffea  __TI_int53                             
0000ffec  __TI_int54                             
0000ffee  __TI_int55                             
0000fff0  __TI_int56                             
0000fff2  __TI_int57                             
0000fff4  __TI_int58                             
0000fff6  __TI_int59                             
0000fff8  __TI_int60                             
0000fffa  __TI_int61                             
0000fffc  __TI_int62                             
0000fffe  _reset_vector                          
00010000  pow                                    
00010000  powl                                   
00011148  __TI_frcdivd                           
000115ae  aes_enc_dec                            
000119b6  __mspabi_addd                          
00011c96  sqrt                                   
00011c96  sqrtl                                  
00011f74  __TI_frcmpyd                           
000121f4  __mspabi_mpyd                          
0001245a  __TI_frcaddd                           
000126a2  __mspabi_divd                          
000128c4  decoder_bch                            
00012ab6  ldexp                                  
00012ab6  ldexpl                                 
00012ab6  scalbn                                 
00012ab6  scalbnl                                
00012d42  aligned_alloc                          
00012d42  memalign                               
00012e4a  fputs                                  
00012f3a  setvbuf                                
00013018  __TI_printfi_minimal                   
000131ce  free                                   
000132a8  __mspabi_cmpd                          
00013380  GF2Divide                              
00013432  __TI_renormd                           
000134e4  GF32Multiply                           
00013584  __mspabi_fltlid                        
00013622  HOSTlseek                              
000136bc  main                                   
00013756  fputc                                  
00013756  putc                                   
000137e6  __mspabi_fltuld                        
00013866  __TI_wrt_ok                            
000138e4  __TI_decompress_lzss                   
0001395a  HOSTrename                             
000139ce  __TI_closefile                         
00013a42  HOSTopen                               
00013b22  HOSTwrite                              
00013b8e  HOSTread                               
00013bf8  fseek                                  
00013c62  __mspabi_fixdul                        
00013cca  __mspabi_fixdli                        
00013d30  bch_buffer_decoder                     
00013d96  __TI_doflush                           
00013dfa  encoder_bch                            
00013e5e  error_module                           
00013ebc  __mspabi_cvtfd                         
00013f18  bch_buffer_encoder                     
00013f74  close                                  
00013fce  getdevice                              
00014028  __TI_auto_init_nobinit_nopinit_hold_wdt
0001407c  HOSTclose                              
000140ca  exit                                   
00014114  printf                                 
0001415e  LFSRs                                  
000141ee  bytes_2_bits                           
00014236  write_key_to_flash                     
0001427e  write_to_flash                         
000142c6  HOSTunlink                             
0001430c  aes_enc_dec_buffer                     
00014350  GF2Mod                                 
00014392  GF32Evaluate                           
000143d2  GF2Multiply                            
00014410  __mspabi_sral_15                       
00014414  __mspabi_sral_14                       
00014418  __mspabi_sral_13                       
0001441c  __mspabi_sral_12                       
00014420  __mspabi_sral_11                       
00014424  __mspabi_sral_10                       
00014428  __mspabi_sral_9                        
0001442c  __mspabi_sral_8                        
00014430  __mspabi_sral_7                        
00014434  __mspabi_sral_6                        
00014438  __mspabi_sral_5                        
0001443c  __mspabi_sral_4                        
00014440  __mspabi_sral_3                        
00014444  __mspabi_sral_2                        
00014448  __mspabi_sral_1                        
0001444e  __mspabi_slll_15                       
00014452  __mspabi_slll_14                       
00014456  __mspabi_slll_13                       
0001445a  __mspabi_slll_12                       
0001445e  __mspabi_slll_11                       
00014462  __mspabi_slll_10                       
00014466  __mspabi_slll_9                        
0001446a  __mspabi_slll_8                        
0001446e  __mspabi_slll_7                        
00014472  __mspabi_slll_6                        
00014476  __mspabi_slll_5                        
0001447a  __mspabi_slll_4                        
0001447e  __mspabi_slll_3                        
00014482  __mspabi_slll_2                        
00014486  __mspabi_slll_1                        
0001448c  __mspabi_srll_15                       
00014490  __mspabi_srll_14                       
00014494  __mspabi_srll_13                       
00014498  __mspabi_srll_12                       
0001449c  __mspabi_srll_11                       
000144a0  __mspabi_srll_10                       
000144a4  __mspabi_srll_9                        
000144a8  __mspabi_srll_8                        
000144ac  __mspabi_srll_7                        
000144b0  __mspabi_srll_6                        
000144b4  __mspabi_srll_5                        
000144b8  __mspabi_srll_4                        
000144bc  __mspabi_srll_3                        
000144c0  __mspabi_srll_2                        
000144c4  __mspabi_srll_1                        
000144ca  lseek                                  
00014508  write                                  
00014544  __TI_cleanup                           
0001457a  __TI_writemsg                          
000145ac  C$$IO$$                                
000145b0  multiply_constant                      
000145e6  __mspabi_fltif                         
0001461c  GF32Add                                
0001464e  __TI_readmsg                           
00014680  __mspabi_subd                          
000146b2  strncpy                                
000146e4  remove                                 
000146e4  unlink                                 
00014714  __mspabi_negd                          
00014742  copysign                               
00014742  copysignl                              
00014770  finddevice                             
0001479e  bits_2_bytes                           
000147f6  __mspabi_divi                          
000147f6  __mspabi_remi                          
0001484c  multiply_x                             
00014876  GF2FindDegree                          
0001489e  __mspabi_fixdi                         
000148c6  __TI_zero_init_nomemset                
000148ea  __mspabi_mpyl_f5hw                     
0001490e  uart_init                              
00014932  read_from_flash                        
00014954  correct_errors                         
00014974  memccpy                                
00014992  strchr                                 
000149ae  strcmp                                 
000149ca  GF32Init                               
000149e4  __mspabi_mpyi_f5hw                     
000149fc  getBit                                 
00014a28  memchr                                 
00014a3e  memset                                 
00014a54  __mspabi_divu                          
00014a54  __mspabi_remu                          
00014a6a  de_concate                             
00014a7e  memcpy                                 
00014a92  GF32add2alpha                          
00014aa4  __TI_decompress_none                   
00014ab6  galois_mul2                            
00014ac8  strcpy                                 
00014ada  GF32FindDegree                         
00014aea  concate                                
00014afa  __mspabi_sral                          
00014b0a  __mspabi_slll                          
00014b1a  __mspabi_srll                          
00014b2a  rand_local                             
00014b38  strlen                                 
00014b46  GF2Add                                 
00014b50  malloc                                 
00014b58  __mspabi_fltud                         
00014b64  C$$EXIT                                
00014b64  abort                                  
00014b6e  _system_pre_init                       
00014b72  _nop                                   
00014b74  _system_post_cinit                     
ffffffff  __TI_pprof_out_hndl                    
ffffffff  __TI_prof_data_size                    
ffffffff  __TI_prof_data_start                   
ffffffff  __c_args__                             

[980 symbols]
